Archive member included to satisfy reference by file (symbol)

C:/ST/STM32CubeIDE_1.15.0/STM32CubeIDE/plugins/com.st.stm32cube.ide.mcu.externaltools.gnu-tools-for-stm32.12.3.rel1.win32_1.0.200.202406191623/tools/bin/../lib/gcc/arm-none-eabi/12.3.1/../../../../arm-none-eabi/lib/thumb/v7e-m+fp/hard\libc_nano.a(libc_a-exit.o)
                              C:/ST/STM32CubeIDE_1.15.0/STM32CubeIDE/plugins/com.st.stm32cube.ide.mcu.externaltools.gnu-tools-for-stm32.12.3.rel1.win32_1.0.200.202406191623/tools/bin/../lib/gcc/arm-none-eabi/12.3.1/../../../../arm-none-eabi/lib/thumb/v7e-m+fp/hard/crt0.o (exit)
C:/ST/STM32CubeIDE_1.15.0/STM32CubeIDE/plugins/com.st.stm32cube.ide.mcu.externaltools.gnu-tools-for-stm32.12.3.rel1.win32_1.0.200.202406191623/tools/bin/../lib/gcc/arm-none-eabi/12.3.1/../../../../arm-none-eabi/lib/thumb/v7e-m+fp/hard\libc_nano.a(libc_a-findfp.o)
                              C:/ST/STM32CubeIDE_1.15.0/STM32CubeIDE/plugins/com.st.stm32cube.ide.mcu.externaltools.gnu-tools-for-stm32.12.3.rel1.win32_1.0.200.202406191623/tools/bin/../lib/gcc/arm-none-eabi/12.3.1/../../../../arm-none-eabi/lib/thumb/v7e-m+fp/hard\libc_nano.a(libc_a-exit.o) (__stdio_exit_handler)
C:/ST/STM32CubeIDE_1.15.0/STM32CubeIDE/plugins/com.st.stm32cube.ide.mcu.externaltools.gnu-tools-for-stm32.12.3.rel1.win32_1.0.200.202406191623/tools/bin/../lib/gcc/arm-none-eabi/12.3.1/../../../../arm-none-eabi/lib/thumb/v7e-m+fp/hard\libc_nano.a(libc_a-fwalk.o)
                              C:/ST/STM32CubeIDE_1.15.0/STM32CubeIDE/plugins/com.st.stm32cube.ide.mcu.externaltools.gnu-tools-for-stm32.12.3.rel1.win32_1.0.200.202406191623/tools/bin/../lib/gcc/arm-none-eabi/12.3.1/../../../../arm-none-eabi/lib/thumb/v7e-m+fp/hard\libc_nano.a(libc_a-findfp.o) (_fwalk_sglue)
C:/ST/STM32CubeIDE_1.15.0/STM32CubeIDE/plugins/com.st.stm32cube.ide.mcu.externaltools.gnu-tools-for-stm32.12.3.rel1.win32_1.0.200.202406191623/tools/bin/../lib/gcc/arm-none-eabi/12.3.1/../../../../arm-none-eabi/lib/thumb/v7e-m+fp/hard\libc_nano.a(libc_a-stdio.o)
                              C:/ST/STM32CubeIDE_1.15.0/STM32CubeIDE/plugins/com.st.stm32cube.ide.mcu.externaltools.gnu-tools-for-stm32.12.3.rel1.win32_1.0.200.202406191623/tools/bin/../lib/gcc/arm-none-eabi/12.3.1/../../../../arm-none-eabi/lib/thumb/v7e-m+fp/hard\libc_nano.a(libc_a-findfp.o) (__sread)
C:/ST/STM32CubeIDE_1.15.0/STM32CubeIDE/plugins/com.st.stm32cube.ide.mcu.externaltools.gnu-tools-for-stm32.12.3.rel1.win32_1.0.200.202406191623/tools/bin/../lib/gcc/arm-none-eabi/12.3.1/../../../../arm-none-eabi/lib/thumb/v7e-m+fp/hard\libc_nano.a(libc_a-memcmp.o)
                              ./Common/ThirdParty/SEGGER/OS/SEGGER_SYSVIEW_FreeRTOS.o (memcmp)
C:/ST/STM32CubeIDE_1.15.0/STM32CubeIDE/plugins/com.st.stm32cube.ide.mcu.externaltools.gnu-tools-for-stm32.12.3.rel1.win32_1.0.200.202406191623/tools/bin/../lib/gcc/arm-none-eabi/12.3.1/../../../../arm-none-eabi/lib/thumb/v7e-m+fp/hard\libc_nano.a(libc_a-memset.o)
                              C:/ST/STM32CubeIDE_1.15.0/STM32CubeIDE/plugins/com.st.stm32cube.ide.mcu.externaltools.gnu-tools-for-stm32.12.3.rel1.win32_1.0.200.202406191623/tools/bin/../lib/gcc/arm-none-eabi/12.3.1/../../../../arm-none-eabi/lib/thumb/v7e-m+fp/hard/crt0.o (memset)
C:/ST/STM32CubeIDE_1.15.0/STM32CubeIDE/plugins/com.st.stm32cube.ide.mcu.externaltools.gnu-tools-for-stm32.12.3.rel1.win32_1.0.200.202406191623/tools/bin/../lib/gcc/arm-none-eabi/12.3.1/../../../../arm-none-eabi/lib/thumb/v7e-m+fp/hard\libc_nano.a(libc_a-closer.o)
                              C:/ST/STM32CubeIDE_1.15.0/STM32CubeIDE/plugins/com.st.stm32cube.ide.mcu.externaltools.gnu-tools-for-stm32.12.3.rel1.win32_1.0.200.202406191623/tools/bin/../lib/gcc/arm-none-eabi/12.3.1/../../../../arm-none-eabi/lib/thumb/v7e-m+fp/hard\libc_nano.a(libc_a-stdio.o) (_close_r)
C:/ST/STM32CubeIDE_1.15.0/STM32CubeIDE/plugins/com.st.stm32cube.ide.mcu.externaltools.gnu-tools-for-stm32.12.3.rel1.win32_1.0.200.202406191623/tools/bin/../lib/gcc/arm-none-eabi/12.3.1/../../../../arm-none-eabi/lib/thumb/v7e-m+fp/hard\libc_nano.a(libc_a-reent.o)
                              C:/ST/STM32CubeIDE_1.15.0/STM32CubeIDE/plugins/com.st.stm32cube.ide.mcu.externaltools.gnu-tools-for-stm32.12.3.rel1.win32_1.0.200.202406191623/tools/bin/../lib/gcc/arm-none-eabi/12.3.1/../../../../arm-none-eabi/lib/thumb/v7e-m+fp/hard\libc_nano.a(libc_a-closer.o) (errno)
C:/ST/STM32CubeIDE_1.15.0/STM32CubeIDE/plugins/com.st.stm32cube.ide.mcu.externaltools.gnu-tools-for-stm32.12.3.rel1.win32_1.0.200.202406191623/tools/bin/../lib/gcc/arm-none-eabi/12.3.1/../../../../arm-none-eabi/lib/thumb/v7e-m+fp/hard\libc_nano.a(libc_a-impure.o)
                              C:/ST/STM32CubeIDE_1.15.0/STM32CubeIDE/plugins/com.st.stm32cube.ide.mcu.externaltools.gnu-tools-for-stm32.12.3.rel1.win32_1.0.200.202406191623/tools/bin/../lib/gcc/arm-none-eabi/12.3.1/../../../../arm-none-eabi/lib/thumb/v7e-m+fp/hard\libc_nano.a(libc_a-reent.o) (_impure_ptr)
[...]
Memory Configuration

Name             Origin             Length             Attributes
CCMRAM           0x10000000         0x00010000         xrw
RAM              0x20000000         0x00020000         xrw
FLASH            0x08000000         0x00100000         xr
*default*        0x00000000         0xffffffff

Linker script and memory map

LOAD C:/ST/STM32CubeIDE_1.15.0/STM32CubeIDE/plugins/com.st.stm32cube.ide.mcu.externaltools.gnu-tools-for-stm32.12.3.rel1.win32_1.0.200.202406191623/tools/bin/../lib/gcc/arm-none-eabi/12.3.1/thumb/v7e-m+fp/hard/crti.o
LOAD C:/ST/STM32CubeIDE_1.15.0/STM32CubeIDE/plugins/com.st.stm32cube.ide.mcu.externaltools.gnu-tools-for-stm32.12.3.rel1.win32_1.0.200.202406191623/tools/bin/../lib/gcc/arm-none-eabi/12.3.1/thumb/v7e-m+fp/hard/crtbegin.o
LOAD C:/ST/STM32CubeIDE_1.15.0/STM32CubeIDE/plugins/com.st.stm32cube.ide.mcu.externaltools.gnu-tools-for-stm32.12.3.rel1.win32_1.0.200.202406191623/tools/bin/../lib/gcc/arm-none-eabi/12.3.1/../../../../arm-none-eabi/lib/thumb/v7e-m+fp/hard/crt0.o
LOAD ./Common/ThirdParty/FreeRTOS/croutine.o
LOAD ./Common/ThirdParty/FreeRTOS/event_groups.o
LOAD ./Common/ThirdParty/FreeRTOS/list.o
LOAD ./Common/ThirdParty/FreeRTOS/queue.o
LOAD ./Common/ThirdParty/FreeRTOS/stream_buffer.o
LOAD ./Common/ThirdParty/FreeRTOS/tasks.o
LOAD ./Common/ThirdParty/FreeRTOS/timers.o
LOAD ./Common/ThirdParty/FreeRTOS/portable/GCC/ARM_CM4F/port.o
LOAD ./Common/ThirdParty/FreeRTOS/portable/MemMang/heap_4.o
LOAD ./Common/ThirdParty/SEGGER/Config/SEGGER_SYSVIEW_Config_FreeRTOS.o
LOAD ./Common/ThirdParty/SEGGER/OS/SEGGER_SYSVIEW_FreeRTOS.o
LOAD ./Common/ThirdParty/SEGGER/SEGGER/SEGGER_RTT.o
LOAD ./Common/ThirdParty/SEGGER/SEGGER/SEGGER_RTT_ASM_ARMv7M.o
LOAD ./Common/ThirdParty/SEGGER/SEGGER/SEGGER_RTT_printf.o
LOAD ./Common/ThirdParty/SEGGER/SEGGER/SEGGER_SYSVIEW.o
LOAD ./Common/ThirdParty/SEGGER/SEGGER/Syscalls/SEGGER_RTT_Syscalls_GCC.o
LOAD ./Core/Src/main.o
LOAD ./Core/Src/stm32f4xx_hal_msp.o
LOAD ./Core/Src/stm32f4xx_hal_timebase_tim.o
LOAD ./Core/Src/stm32f4xx_it.o
LOAD ./Core/Src/syscalls.o
LOAD ./Core/Src/sysmem.o
LOAD ./Core/Src/system_stm32f4xx.o
LOAD ./Core/Startup/startup_stm32f407vgtx.o
LOAD ./Drivers/STM32F4xx_HAL_Driver/Src/stm32f4xx_hal.o
LOAD ./Drivers/STM32F4xx_HAL_Driver/Src/stm32f4xx_hal_cortex.o
LOAD ./Drivers/STM32F4xx_HAL_Driver/Src/stm32f4xx_hal_dma.o
LOAD ./Drivers/STM32F4xx_HAL_Driver/Src/stm32f4xx_hal_dma_ex.o
LOAD ./Drivers/STM32F4xx_HAL_Driver/Src/stm32f4xx_hal_exti.o
LOAD ./Drivers/STM32F4xx_HAL_Driver/Src/stm32f4xx_hal_flash.o
LOAD ./Drivers/STM32F4xx_HAL_Driver/Src/stm32f4xx_hal_flash_ex.o
LOAD ./Drivers/STM32F4xx_HAL_Driver/Src/stm32f4xx_hal_flash_ramfunc.o
LOAD ./Drivers/STM32F4xx_HAL_Driver/Src/stm32f4xx_hal_gpio.o
LOAD ./Drivers/STM32F4xx_HAL_Driver/Src/stm32f4xx_hal_i2s.o
LOAD ./Drivers/STM32F4xx_HAL_Driver/Src/stm32f4xx_hal_i2s_ex.o
LOAD ./Drivers/STM32F4xx_HAL_Driver/Src/stm32f4xx_hal_pwr.o
LOAD ./Drivers/STM32F4xx_HAL_Driver/Src/stm32f4xx_hal_pwr_ex.o
LOAD ./Drivers/STM32F4xx_HAL_Driver/Src/stm32f4xx_hal_rcc.o
LOAD ./Drivers/STM32F4xx_HAL_Driver/Src/stm32f4xx_hal_rcc_ex.o
LOAD ./Drivers/STM32F4xx_HAL_Driver/Src/stm32f4xx_hal_tim.o
LOAD ./Drivers/STM32F4xx_HAL_Driver/Src/stm32f4xx_hal_tim_ex.o
START GROUP
LOAD C:/ST/STM32CubeIDE_1.15.0/STM32CubeIDE/plugins/com.st.stm32cube.ide.mcu.externaltools.gnu-tools-for-stm32.12.3.rel1.win32_1.0.200.202406191623/tools/bin/../lib/gcc/arm-none-eabi/12.3.1/../../../../arm-none-eabi/lib/thumb/v7e-m+fp/hard\libc_nano.a
LOAD C:/ST/STM32CubeIDE_1.15.0/STM32CubeIDE/plugins/com.st.stm32cube.ide.mcu.externaltools.gnu-tools-for-stm32.12.3.rel1.win32_1.0.200.202406191623/tools/bin/../lib/gcc/arm-none-eabi/12.3.1/../../../../arm-none-eabi/lib/thumb/v7e-m+fp/hard\libm.a
END GROUP
START GROUP
LOAD C:/ST/STM32CubeIDE_1.15.0/STM32CubeIDE/plugins/com.st.stm32cube.ide.mcu.externaltools.gnu-tools-for-stm32.12.3.rel1.win32_1.0.200.202406191623/tools/bin/../lib/gcc/arm-none-eabi/12.3.1/thumb/v7e-m+fp/hard\libgcc.a
LOAD C:/ST/STM32CubeIDE_1.15.0/STM32CubeIDE/plugins/com.st.stm32cube.ide.mcu.externaltools.gnu-tools-for-stm32.12.3.rel1.win32_1.0.200.202406191623/tools/bin/../lib/gcc/arm-none-eabi/12.3.1/../../../../arm-none-eabi/lib/thumb/v7e-m+fp/hard\libc_nano.a
END GROUP
START GROUP
LOAD C:/ST/STM32CubeIDE_1.15.0/STM32CubeIDE/plugins/com.st.stm32cube.ide.mcu.externaltools.gnu-tools-for-stm32.12.3.rel1.win32_1.0.200.202406191623/tools/bin/../lib/gcc/arm-none-eabi/12.3.1/thumb/v7e-m+fp/hard\libgcc.a
LOAD C:/ST/STM32CubeIDE_1.15.0/STM32CubeIDE/plugins/com.st.stm32cube.ide.mcu.externaltools.gnu-tools-for-stm32.12.3.rel1.win32_1.0.200.202406191623/tools/bin/../lib/gcc/arm-none-eabi/12.3.1/../../../../arm-none-eabi/lib/thumb/v7e-m+fp/hard\libc_nano.a
LOAD C:/ST/STM32CubeIDE_1.15.0/STM32CubeIDE/plugins/com.st.stm32cube.ide.mcu.externaltools.gnu-tools-for-stm32.12.3.rel1.win32_1.0.200.202406191623/tools/bin/../lib/gcc/arm-none-eabi/12.3.1/../../../../arm-none-eabi/lib/thumb/v7e-m+fp/hard\libnosys.a
END GROUP
START GROUP
LOAD C:/ST/STM32CubeIDE_1.15.0/STM32CubeIDE/plugins/com.st.stm32cube.ide.mcu.externaltools.gnu-tools-for-stm32.12.3.rel1.win32_1.0.200.202406191623/tools/bin/../lib/gcc/arm-none-eabi/12.3.1/thumb/v7e-m+fp/hard\libgcc.a
LOAD C:/ST/STM32CubeIDE_1.15.0/STM32CubeIDE/plugins/com.st.stm32cube.ide.mcu.externaltools.gnu-tools-for-stm32.12.3.rel1.win32_1.0.200.202406191623/tools/bin/../lib/gcc/arm-none-eabi/12.3.1/../../../../arm-none-eabi/lib/thumb/v7e-m+fp/hard\libc_nano.a
LOAD C:/ST/STM32CubeIDE_1.15.0/STM32CubeIDE/plugins/com.st.stm32cube.ide.mcu.externaltools.gnu-tools-for-stm32.12.3.rel1.win32_1.0.200.202406191623/tools/bin/../lib/gcc/arm-none-eabi/12.3.1/../../../../arm-none-eabi/lib/thumb/v7e-m+fp/hard\libnosys.a
END GROUP
LOAD C:/ST/STM32CubeIDE_1.15.0/STM32CubeIDE/plugins/com.st.stm32cube.ide.mcu.externaltools.gnu-tools-for-stm32.12.3.rel1.win32_1.0.200.202406191623/tools/bin/../lib/gcc/arm-none-eabi/12.3.1/thumb/v7e-m+fp/hard/crtend.o
LOAD C:/ST/STM32CubeIDE_1.15.0/STM32CubeIDE/plugins/com.st.stm32cube.ide.mcu.externaltools.gnu-tools-for-stm32.12.3.rel1.win32_1.0.200.202406191623/tools/bin/../lib/gcc/arm-none-eabi/12.3.1/thumb/v7e-m+fp/hard/crtn.o
                0x20020000                        _estack = (ORIGIN (RAM) + LENGTH (RAM))
                0x00000200                        _Min_Heap_Size = 0x200
                0x00000400                        _Min_Stack_Size = 0x400

.isr_vector     0x08000000      0x188
                0x08000000                        . = ALIGN (0x4)
 *(.isr_vector)
 .isr_vector    0x08000000      0x188 ./Core/Startup/startup_stm32f407vgtx.o
                0x08000000                g_pfnVectors
                0x08000188                        . = ALIGN (0x4)

.text           0x08000190     0x6f30
                0x08000190                        . = ALIGN (0x4)
 *(.text)
 .text          0x08000190       0x40 C:/ST/STM32CubeIDE_1.15.0/STM32CubeIDE/plugins/com.st.stm32cube.ide.mcu.externaltools.gnu-tools-for-stm32.12.3.rel1.win32_1.0.200.202406191623/tools/bin/../lib/gcc/arm-none-eabi/12.3.1/thumb/v7e-m+fp/hard/crtbegin.o
 .text          0x080001d0       0x94 ./Common/ThirdParty/SEGGER/SEGGER/SEGGER_RTT_ASM_ARMv7M.o
                0x080001d0                SEGGER_RTT_ASM_WriteSkipNoLock
 .text          0x08000264       0x30 C:/ST/STM32CubeIDE_1.15.0/STM32CubeIDE/plugins/com.st.stm32cube.ide.mcu.externaltools.gnu-tools-for-stm32.12.3.rel1.win32_1.0.200.202406191623/tools/bin/../lib/gcc/arm-none-eabi/12.3.1/thumb/v7e-m+fp/hard\libgcc.a(_aeabi_uldivmod.o)
                0x08000264                __aeabi_uldivmod
 .text          0x08000294      0x2bc C:/ST/STM32CubeIDE_1.15.0/STM32CubeIDE/plugins/com.st.stm32cube.ide.mcu.externaltools.gnu-tools-for-stm32.12.3.rel1.win32_1.0.200.202406191623/tools/bin/../lib/gcc/arm-none-eabi/12.3.1/thumb/v7e-m+fp/hard\libgcc.a(_udivmoddi4.o)
                0x08000294                __udivmoddi4
 .text          0x08000550        0x4 C:/ST/STM32CubeIDE_1.15.0/STM32CubeIDE/plugins/com.st.stm32cube.ide.mcu.externaltools.gnu-tools-for-stm32.12.3.rel1.win32_1.0.200.202406191623/tools/bin/../lib/gcc/arm-none-eabi/12.3.1/thumb/v7e-m+fp/hard\libgcc.a(_dvmd_tls.o)
                0x08000550                __aeabi_idiv0
                0x08000550                __aeabi_ldiv0
 *(.text*)
 .text.vListInitialise
                0x08000554       0x40 ./Common/ThirdParty/FreeRTOS/list.o
                0x08000554                vListInitialise
 .text.vListInitialiseItem
                0x08000594       0x1a ./Common/ThirdParty/FreeRTOS/list.o
                0x08000594                vListInitialiseItem
 .text.vListInsertEnd
                0x080005ae       0x48 ./Common/ThirdParty/FreeRTOS/list.o
                0x080005ae                vListInsertEnd
 .text.vListInsert
                0x080005f6       0x72 ./Common/ThirdParty/FreeRTOS/list.o
                0x080005f6                vListInsert
 .text.uxListRemove
                0x08000668       0x54 ./Common/ThirdParty/FreeRTOS/list.o
                0x08000668                uxListRemove
 .text.xQueueGenericReset
                0x080006bc      0x124 ./Common/ThirdParty/FreeRTOS/queue.o
                0x080006bc                xQueueGenericReset
 .text.xQueueGenericCreate
                0x080007e0       0x9e ./Common/ThirdParty/FreeRTOS/queue.o
                0x080007e0                xQueueGenericCreate
 .text.prvInitialiseNewQueue
                0x0800087e       0x52 ./Common/ThirdParty/FreeRTOS/queue.o
 .text.xQueueReceive
                0x080008d0      0x228 ./Common/ThirdParty/FreeRTOS/queue.o
                0x080008d0                xQueueReceive
 .text.prvCopyDataFromQueue
                0x08000af8       0x4c ./Common/ThirdParty/FreeRTOS/queue.o
 .text.prvUnlockQueue
                0x08000b44       0xa4 ./Common/ThirdParty/FreeRTOS/queue.o
 .text.prvIsQueueEmpty
                0x08000be8       0x2c ./Common/ThirdParty/FreeRTOS/queue.o
 .text.vQueueAddToRegistry
                0x08000c14       0xb0 ./Common/ThirdParty/FreeRTOS/queue.o
                0x08000c14                vQueueAddToRegistry
 .text.vQueueWaitForMessageRestricted
                0x08000cc4       0x68 ./Common/ThirdParty/FreeRTOS/queue.o
                0x08000cc4                vQueueWaitForMessageRestricted
 .text.xTaskCreate
                0x08000d2c       0x8c ./Common/ThirdParty/FreeRTOS/tasks.o
                0x08000d2c                xTaskCreate
 .text.prvInitialiseNewTask
                0x08000db8      0x120 ./Common/ThirdParty/FreeRTOS/tasks.o
 .text.prvAddNewTaskToReadyList
                0x08000ed8      0x168 ./Common/ThirdParty/FreeRTOS/tasks.o
 .text.vTaskDelete
                0x08001040      0x160 ./Common/ThirdParty/FreeRTOS/tasks.o
                0x08001040                vTaskDelete
 .text.vTaskDelay
                0x080011a0       0x74 ./Common/ThirdParty/FreeRTOS/tasks.o
                0x080011a0                vTaskDelay
 .text.vTaskStartScheduler
                0x08001214       0xc4 ./Common/ThirdParty/FreeRTOS/tasks.o
                0x08001214                vTaskStartScheduler
 .text.vTaskSuspendAll
                0x080012d8       0x1c ./Common/ThirdParty/FreeRTOS/tasks.o
                0x080012d8                vTaskSuspendAll
 .text.xTaskResumeAll
                0x080012f4      0x200 ./Common/ThirdParty/FreeRTOS/tasks.o
                0x080012f4                xTaskResumeAll
 .text.xTaskGetTickCount
                0x080014f4       0x20 ./Common/ThirdParty/FreeRTOS/tasks.o
                0x080014f4                xTaskGetTickCount
 .text.xTaskGetTickCountFromISR
                0x08001514       0x24 ./Common/ThirdParty/FreeRTOS/tasks.o
                0x08001514                xTaskGetTickCountFromISR
 .text.xTaskIncrementTick
                0x08001538      0x238 ./Common/ThirdParty/FreeRTOS/tasks.o
                0x08001538                xTaskIncrementTick
 .text.vTaskSwitchContext
                0x08001770       0xd4 ./Common/ThirdParty/FreeRTOS/tasks.o
                0x08001770                vTaskSwitchContext
 .text.vTaskPlaceOnEventList
                0x08001844       0x4c ./Common/ThirdParty/FreeRTOS/tasks.o
                0x08001844                vTaskPlaceOnEventList
 .text.vTaskPlaceOnEventListRestricted
                0x08001890       0x94 ./Common/ThirdParty/FreeRTOS/tasks.o
                0x08001890                vTaskPlaceOnEventListRestricted
 .text.xTaskRemoveFromEventList
                0x08001924      0x1b4 ./Common/ThirdParty/FreeRTOS/tasks.o
                0x08001924                xTaskRemoveFromEventList
 .text.vTaskInternalSetTimeOutState
                0x08001ad8       0x2c ./Common/ThirdParty/FreeRTOS/tasks.o
                0x08001ad8                vTaskInternalSetTimeOutState
 .text.xTaskCheckForTimeOut
                0x08001b04       0xd0 ./Common/ThirdParty/FreeRTOS/tasks.o
                0x08001b04                xTaskCheckForTimeOut
 .text.vTaskMissedYield
                0x08001bd4       0x18 ./Common/ThirdParty/FreeRTOS/tasks.o
                0x08001bd4                vTaskMissedYield
 .text.prvIdleTask
                0x08001bec       0x30 ./Common/ThirdParty/FreeRTOS/tasks.o
 .text.prvInitialiseTaskLists
                0x08001c1c       0x80 ./Common/ThirdParty/FreeRTOS/tasks.o
 .text.prvCheckTasksWaitingTermination
                0x08001c9c       0x5c ./Common/ThirdParty/FreeRTOS/tasks.o
 .text.prvDeleteTCB
                0x08001cf8       0x20 ./Common/ThirdParty/FreeRTOS/tasks.o
 .text.prvResetNextTaskUnblockTime
                0x08001d18       0x38 ./Common/ThirdParty/FreeRTOS/tasks.o
 .text.xTaskGetSchedulerState
                0x08001d50       0x3c ./Common/ThirdParty/FreeRTOS/tasks.o
                0x08001d50                xTaskGetSchedulerState
 .text.xTaskGenericNotifyWait
                0x08001d8c      0x114 ./Common/ThirdParty/FreeRTOS/tasks.o
                0x08001d8c                xTaskGenericNotifyWait
 .text.xTaskGenericNotify
                0x08001ea0      0x270 ./Common/ThirdParty/FreeRTOS/tasks.o
                0x08001ea0                xTaskGenericNotify
 .text.prvAddCurrentTaskToDelayedList
                0x08002110      0x100 ./Common/ThirdParty/FreeRTOS/tasks.o
 .text.xTimerCreateTimerTask
                0x08002210       0x68 ./Common/ThirdParty/FreeRTOS/timers.o
                0x08002210                xTimerCreateTimerTask
 .text.prvReloadTimer
                0x08002278       0x42 ./Common/ThirdParty/FreeRTOS/timers.o
 *fill*         0x080022ba        0x2 
 .text.prvProcessExpiredTimer
                0x080022bc       0x60 ./Common/ThirdParty/FreeRTOS/timers.o
 .text.prvTimerTask
                0x0800231c       0x26 ./Common/ThirdParty/FreeRTOS/timers.o
 *fill*         0x08002342        0x2 
 .text.prvProcessTimerOrBlockTask
                0x08002344       0x9c ./Common/ThirdParty/FreeRTOS/timers.o
 .text.prvGetNextExpireTime
                0x080023e0       0x48 ./Common/ThirdParty/FreeRTOS/timers.o
 .text.prvSampleTimeNow
                0x08002428       0x40 ./Common/ThirdParty/FreeRTOS/timers.o
 .text.prvInsertTimerInActiveList
                0x08002468       0x84 ./Common/ThirdParty/FreeRTOS/timers.o
 .text.prvProcessReceivedCommands
                0x080024ec      0x184 ./Common/ThirdParty/FreeRTOS/timers.o
 .text.prvSwitchTimerLists
                0x08002670       0x4c ./Common/ThirdParty/FreeRTOS/timers.o
 .text.prvCheckForValidListAndQueue
                0x080026bc       0x6c ./Common/ThirdParty/FreeRTOS/timers.o
 .text.pxPortInitialiseStack
                0x08002728       0x68 ./Common/ThirdParty/FreeRTOS/portable/GCC/ARM_CM4F/port.o
                0x08002728                pxPortInitialiseStack
 .text.prvTaskExitError
                0x08002790       0x5c ./Common/ThirdParty/FreeRTOS/portable/GCC/ARM_CM4F/port.o
 *fill*         0x080027ec        0x4 
 .text.SVC_Handler
                0x080027f0       0x28 ./Common/ThirdParty/FreeRTOS/portable/GCC/ARM_CM4F/port.o
                0x080027f0                SVC_Handler
 .text.prvPortStartFirstTask
                0x08002818       0x2c ./Common/ThirdParty/FreeRTOS/portable/GCC/ARM_CM4F/port.o
 .text.xPortStartScheduler
                0x08002844      0x148 ./Common/ThirdParty/FreeRTOS/portable/GCC/ARM_CM4F/port.o
                0x08002844                xPortStartScheduler
 .text.vInitPrioGroupValue
                0x0800298c      0x100 ./Common/ThirdParty/FreeRTOS/portable/GCC/ARM_CM4F/port.o
                0x0800298c                vInitPrioGroupValue
 .text.vPortEnterCritical
                0x08002a8c       0x64 ./Common/ThirdParty/FreeRTOS/portable/GCC/ARM_CM4F/port.o
                0x08002a8c                vPortEnterCritical
 .text.vPortExitCritical
                0x08002af0       0x54 ./Common/ThirdParty/FreeRTOS/portable/GCC/ARM_CM4F/port.o
                0x08002af0                vPortExitCritical
 *fill*         0x08002b44        0xc 
 .text.PendSV_Handler
                0x08002b50       0x68 ./Common/ThirdParty/FreeRTOS/portable/GCC/ARM_CM4F/port.o
                0x08002b50                PendSV_Handler
 .text.SysTick_Handler
                0x08002bb8       0x54 ./Common/ThirdParty/FreeRTOS/portable/GCC/ARM_CM4F/port.o
                0x08002bb8                SysTick_Handler
 .text.vPortSetupTimerInterrupt
                0x08002c0c       0x48 ./Common/ThirdParty/FreeRTOS/portable/GCC/ARM_CM4F/port.o
                0x08002c0c                vPortSetupTimerInterrupt
 .text.vPortEnableVFP
                0x08002c54       0x18 ./Common/ThirdParty/FreeRTOS/portable/GCC/ARM_CM4F/port.o
 .text.vPortValidateInterruptPriority
                0x08002c6c       0x84 ./Common/ThirdParty/FreeRTOS/portable/GCC/ARM_CM4F/port.o
                0x08002c6c                vPortValidateInterruptPriority
 .text.pvPortMalloc
                0x08002cf0      0x178 ./Common/ThirdParty/FreeRTOS/portable/MemMang/heap_4.o
                0x08002cf0                pvPortMalloc
 .text.vPortFree
                0x08002e68       0xbc ./Common/ThirdParty/FreeRTOS/portable/MemMang/heap_4.o
                0x08002e68                vPortFree
 .text.prvHeapInit
                0x08002f24       0xb8 ./Common/ThirdParty/FreeRTOS/portable/MemMang/heap_4.o
 .text.prvInsertBlockIntoFreeList
                0x08002fdc       0xb4 ./Common/ThirdParty/FreeRTOS/portable/MemMang/heap_4.o
 .text._cbSendSystemDesc
                0x08003090       0x1c ./Common/ThirdParty/SEGGER/Config/SEGGER_SYSVIEW_Config_FreeRTOS.o
 .text.SEGGER_SYSVIEW_Conf
                0x080030ac       0x2c ./Common/ThirdParty/SEGGER/Config/SEGGER_SYSVIEW_Config_FreeRTOS.o
                0x080030ac                SEGGER_SYSVIEW_Conf
 .text._cbSendTaskList
                0x080030d8       0x90 ./Common/ThirdParty/SEGGER/OS/SEGGER_SYSVIEW_FreeRTOS.o
 .text._cbGetTime
                0x08003168       0x86 ./Common/ThirdParty/SEGGER/OS/SEGGER_SYSVIEW_FreeRTOS.o
 *fill*         0x080031ee        0x2 
 .text.SYSVIEW_AddTask
                0x080031f0       0xd0 ./Common/ThirdParty/SEGGER/OS/SEGGER_SYSVIEW_FreeRTOS.o
                0x080031f0                SYSVIEW_AddTask
 .text.SYSVIEW_DeleteTask
                0x080032c0      0x178 ./Common/ThirdParty/SEGGER/OS/SEGGER_SYSVIEW_FreeRTOS.o
                0x080032c0                SYSVIEW_DeleteTask
 .text.SYSVIEW_SendTaskInfo
                0x08003438       0x42 ./Common/ThirdParty/SEGGER/OS/SEGGER_SYSVIEW_FreeRTOS.o
                0x08003438                SYSVIEW_SendTaskInfo
 *fill*         0x0800347a        0x2 
 .text._DoInit  0x0800347c       0xb4 ./Common/ThirdParty/SEGGER/SEGGER/SEGGER_RTT.o
 .text.SEGGER_RTT_ReadNoLock
                0x08003530      0x10c ./Common/ThirdParty/SEGGER/SEGGER/SEGGER_RTT.o
                0x08003530                SEGGER_RTT_ReadNoLock
 .text.SEGGER_RTT_AllocUpBuffer
                0x0800363c      0x108 ./Common/ThirdParty/SEGGER/SEGGER/SEGGER_RTT.o
                0x0800363c                SEGGER_RTT_AllocUpBuffer
 .text.SEGGER_RTT_ConfigDownBuffer
                0x08003744       0x98 ./Common/ThirdParty/SEGGER/SEGGER/SEGGER_RTT.o
                0x08003744                SEGGER_RTT_ConfigDownBuffer
 .text._EncodeStr
                0x080037dc       0x60 ./Common/ThirdParty/SEGGER/SEGGER/SEGGER_SYSVIEW.o
 .text._PreparePacket
                0x0800383c       0x18 ./Common/ThirdParty/SEGGER/SEGGER/SEGGER_SYSVIEW.o
 .text._HandleIncomingPacket
                0x08003854       0xdc ./Common/ThirdParty/SEGGER/SEGGER/SEGGER_SYSVIEW.o
 .text._TrySendOverflowPacket
                0x08003930       0xe4 ./Common/ThirdParty/SEGGER/SEGGER/SEGGER_SYSVIEW.o
 .text._SendPacket
                0x08003a14      0x1c8 ./Common/ThirdParty/SEGGER/SEGGER/SEGGER_SYSVIEW.o
 .text._StoreChar
                0x08003bdc       0xf6 ./Common/ThirdParty/SEGGER/SEGGER/SEGGER_SYSVIEW.o
 *fill*         0x08003cd2        0x2 
 .text._PrintUnsigned
                0x08003cd4      0x12c ./Common/ThirdParty/SEGGER/SEGGER/SEGGER_SYSVIEW.o
 .text._PrintInt
                0x08003e00      0x11e ./Common/ThirdParty/SEGGER/SEGGER/SEGGER_SYSVIEW.o
 *fill*         0x08003f1e        0x2 
 .text._VPrintTarget
                0x08003f20      0x440 ./Common/ThirdParty/SEGGER/SEGGER/SEGGER_SYSVIEW.o
 .text.SEGGER_SYSVIEW_Init
                0x08004360       0x88 ./Common/ThirdParty/SEGGER/SEGGER/SEGGER_SYSVIEW.o
                0x08004360                SEGGER_SYSVIEW_Init
 .text.SEGGER_SYSVIEW_SetRAMBase
                0x080043e8       0x20 ./Common/ThirdParty/SEGGER/SEGGER/SEGGER_SYSVIEW.o
                0x080043e8                SEGGER_SYSVIEW_SetRAMBase
 .text.SEGGER_SYSVIEW_RecordVoid
                0x08004408       0x3c ./Common/ThirdParty/SEGGER/SEGGER/SEGGER_SYSVIEW.o
                0x08004408                SEGGER_SYSVIEW_RecordVoid
 .text.SEGGER_SYSVIEW_RecordU32
                0x08004444       0x78 ./Common/ThirdParty/SEGGER/SEGGER/SEGGER_SYSVIEW.o
                0x08004444                SEGGER_SYSVIEW_RecordU32
 .text.SEGGER_SYSVIEW_RecordU32x2
                0x080044bc       0xb4 ./Common/ThirdParty/SEGGER/SEGGER/SEGGER_SYSVIEW.o
                0x080044bc                SEGGER_SYSVIEW_RecordU32x2
 .text.SEGGER_SYSVIEW_RecordU32x3
                0x08004570       0xec ./Common/ThirdParty/SEGGER/SEGGER/SEGGER_SYSVIEW.o
                0x08004570                SEGGER_SYSVIEW_RecordU32x3
 .text.SEGGER_SYSVIEW_RecordU32x4
                0x0800465c      0x124 ./Common/ThirdParty/SEGGER/SEGGER/SEGGER_SYSVIEW.o
                0x0800465c                SEGGER_SYSVIEW_RecordU32x4
 .text.SEGGER_SYSVIEW_Start
                0x08004780      0x174 ./Common/ThirdParty/SEGGER/SEGGER/SEGGER_SYSVIEW.o
                0x08004780                SEGGER_SYSVIEW_Start
 .text.SEGGER_SYSVIEW_Stop
                0x080048f4       0x4c ./Common/ThirdParty/SEGGER/SEGGER/SEGGER_SYSVIEW.o
                0x080048f4                SEGGER_SYSVIEW_Stop
 .text.SEGGER_SYSVIEW_GetSysDesc
                0x08004940      0x134 ./Common/ThirdParty/SEGGER/SEGGER/SEGGER_SYSVIEW.o
                0x08004940                SEGGER_SYSVIEW_GetSysDesc
 .text.SEGGER_SYSVIEW_SendTaskInfo
                0x08004a74      0x1c8 ./Common/ThirdParty/SEGGER/SEGGER/SEGGER_SYSVIEW.o
                0x08004a74                SEGGER_SYSVIEW_SendTaskInfo
 .text.SEGGER_SYSVIEW_SendTaskList
                0x08004c3c       0x28 ./Common/ThirdParty/SEGGER/SEGGER/SEGGER_SYSVIEW.o
                0x08004c3c                SEGGER_SYSVIEW_SendTaskList
 .text.SEGGER_SYSVIEW_SendSysDesc
                0x08004c64       0x48 ./Common/ThirdParty/SEGGER/SEGGER/SEGGER_SYSVIEW.o
                0x08004c64                SEGGER_SYSVIEW_SendSysDesc
 .text.SEGGER_SYSVIEW_RecordSystime
                0x08004cac       0x64 ./Common/ThirdParty/SEGGER/SEGGER/SEGGER_SYSVIEW.o
                0x08004cac                SEGGER_SYSVIEW_RecordSystime
 .text.SEGGER_SYSVIEW_RecordEnterISR
                0x08004d10       0x84 ./Common/ThirdParty/SEGGER/SEGGER/SEGGER_SYSVIEW.o
                0x08004d10                SEGGER_SYSVIEW_RecordEnterISR
 .text.SEGGER_SYSVIEW_RecordExitISR
                0x08004d94       0x38 ./Common/ThirdParty/SEGGER/SEGGER/SEGGER_SYSVIEW.o
                0x08004d94                SEGGER_SYSVIEW_RecordExitISR
 .text.SEGGER_SYSVIEW_RecordExitISRToScheduler
                0x08004dcc       0x38 ./Common/ThirdParty/SEGGER/SEGGER/SEGGER_SYSVIEW.o
                0x08004dcc                SEGGER_SYSVIEW_RecordExitISRToScheduler
 .text.SEGGER_SYSVIEW_OnIdle
                0x08004e04       0x38 ./Common/ThirdParty/SEGGER/SEGGER/SEGGER_SYSVIEW.o
                0x08004e04                SEGGER_SYSVIEW_OnIdle
 .text.SEGGER_SYSVIEW_OnTaskCreate
                0x08004e3c       0x84 ./Common/ThirdParty/SEGGER/SEGGER/SEGGER_SYSVIEW.o
                0x08004e3c                SEGGER_SYSVIEW_OnTaskCreate
 .text.SEGGER_SYSVIEW_OnTaskStartExec
                0x08004ec0       0x84 ./Common/ThirdParty/SEGGER/SEGGER/SEGGER_SYSVIEW.o
                0x08004ec0                SEGGER_SYSVIEW_OnTaskStartExec
 .text.SEGGER_SYSVIEW_OnTaskStartReady
                0x08004f44       0x84 ./Common/ThirdParty/SEGGER/SEGGER/SEGGER_SYSVIEW.o
                0x08004f44                SEGGER_SYSVIEW_OnTaskStartReady
 .text.SEGGER_SYSVIEW_ShrinkId
                0x08004fc8       0x20 ./Common/ThirdParty/SEGGER/SEGGER/SEGGER_SYSVIEW.o
                0x08004fc8                SEGGER_SYSVIEW_ShrinkId
 .text.SEGGER_SYSVIEW_SendModule
                0x08004fe8      0x114 ./Common/ThirdParty/SEGGER/SEGGER/SEGGER_SYSVIEW.o
                0x08004fe8                SEGGER_SYSVIEW_SendModule
 .text.SEGGER_SYSVIEW_SendModuleDescription
                0x080050fc       0x3c ./Common/ThirdParty/SEGGER/SEGGER/SEGGER_SYSVIEW.o
                0x080050fc                SEGGER_SYSVIEW_SendModuleDescription
 .text.SEGGER_SYSVIEW_SendNumModules
                0x08005138       0x7c ./Common/ThirdParty/SEGGER/SEGGER/SEGGER_SYSVIEW.o
                0x08005138                SEGGER_SYSVIEW_SendNumModules
 .text.SEGGER_SYSVIEW_PrintfTarget
                0x080051b4       0x28 ./Common/ThirdParty/SEGGER/SEGGER/SEGGER_SYSVIEW.o
                0x080051b4                SEGGER_SYSVIEW_PrintfTarget
 .text.SEGGER_SYSVIEW_Warn
                0x080051dc       0xb8 ./Common/ThirdParty/SEGGER/SEGGER/SEGGER_SYSVIEW.o
                0x080051dc                SEGGER_SYSVIEW_Warn
 .text.main     0x08005294      0x140 ./Core/Src/main.o
                0x08005294                main
 .text.SystemClock_Config
                0x080053d4       0xd4 ./Core/Src/main.o
                0x080053d4                SystemClock_Config
 .text.MX_GPIO_Init
                0x080054a8      0x2bc ./Core/Src/main.o
 .text.led_green_handler
                0x08005764       0x70 ./Core/Src/main.o
 .text.led_orange_handler
                0x080057d4       0x70 ./Core/Src/main.o
 .text.led_red_handler
                0x08005844       0x78 ./Core/Src/main.o
 .text.button_handler
                0x080058bc       0x50 ./Core/Src/main.o
 .text.HAL_TIM_PeriodElapsedCallback
                0x0800590c       0x24 ./Core/Src/main.o
                0x0800590c                HAL_TIM_PeriodElapsedCallback
 .text.Error_Handler
                0x08005930        0xe ./Core/Src/main.o
                0x08005930                Error_Handler
 *fill*         0x0800593e        0x2 
 .text.HAL_MspInit
                0x08005940       0x50 ./Core/Src/stm32f4xx_hal_msp.o
                0x08005940                HAL_MspInit
 .text.HAL_InitTick
                0x08005990       0xf8 ./Core/Src/stm32f4xx_hal_timebase_tim.o
                0x08005990                HAL_InitTick
 .text.NMI_Handler
                0x08005a88        0x8 ./Core/Src/stm32f4xx_it.o
                0x08005a88                NMI_Handler
 .text.HardFault_Handler
                0x08005a90        0x8 ./Core/Src/stm32f4xx_it.o
                0x08005a90                HardFault_Handler
 .text.MemManage_Handler
                0x08005a98        0x8 ./Core/Src/stm32f4xx_it.o
                0x08005a98                MemManage_Handler
 .text.BusFault_Handler
                0x08005aa0        0x8 ./Core/Src/stm32f4xx_it.o
                0x08005aa0                BusFault_Handler
 .text.UsageFault_Handler
                0x08005aa8        0x8 ./Core/Src/stm32f4xx_it.o
                0x08005aa8                UsageFault_Handler
 .text.DebugMon_Handler
                0x08005ab0        0xe ./Core/Src/stm32f4xx_it.o
                0x08005ab0                DebugMon_Handler
 *fill*         0x08005abe        0x2 
 .text.TIM6_DAC_IRQHandler
                0x08005ac0       0x14 ./Core/Src/stm32f4xx_it.o
                0x08005ac0                TIM6_DAC_IRQHandler
 .text.SystemInit
                0x08005ad4       0x24 ./Core/Src/system_stm32f4xx.o
                0x08005ad4                SystemInit
 .text.Reset_Handler
                0x08005af8       0x50 ./Core/Startup/startup_stm32f407vgtx.o
                0x08005af8                Reset_Handler
 .text.Default_Handler
                0x08005b48        0x2 ./Core/Startup/startup_stm32f407vgtx.o
                0x08005b48                RTC_Alarm_IRQHandler
                0x08005b48                HASH_RNG_IRQHandler
                0x08005b48                EXTI2_IRQHandler
                0x08005b48                TIM8_CC_IRQHandler
                0x08005b48                TIM1_CC_IRQHandler
                0x08005b48                DMA2_Stream5_IRQHandler
                0x08005b48                DMA1_Stream5_IRQHandler
                0x08005b48                PVD_IRQHandler
                0x08005b48                SDIO_IRQHandler
                0x08005b48                TAMP_STAMP_IRQHandler
                0x08005b48                CAN2_RX1_IRQHandler
                0x08005b48                EXTI3_IRQHandler
                0x08005b48                TIM8_TRG_COM_TIM14_IRQHandler
                0x08005b48                TIM1_UP_TIM10_IRQHandler
                0x08005b48                TIM8_UP_TIM13_IRQHandler
                0x08005b48                I2C3_ER_IRQHandler
                0x08005b48                EXTI0_IRQHandler
                0x08005b48                I2C2_EV_IRQHandler
                0x08005b48                DMA1_Stream2_IRQHandler
                0x08005b48                CAN1_RX0_IRQHandler
                0x08005b48                FPU_IRQHandler
                0x08005b48                OTG_HS_WKUP_IRQHandler
                0x08005b48                CAN2_SCE_IRQHandler
                0x08005b48                DMA2_Stream2_IRQHandler
                0x08005b48                SPI1_IRQHandler
                0x08005b48                TIM1_BRK_TIM9_IRQHandler
                0x08005b48                DCMI_IRQHandler
                0x08005b48                CAN2_RX0_IRQHandler
                0x08005b48                DMA2_Stream3_IRQHandler
                0x08005b48                USART6_IRQHandler
                0x08005b48                USART3_IRQHandler
                0x08005b48                CAN1_RX1_IRQHandler
                0x08005b48                UART5_IRQHandler
                0x08005b48                DMA2_Stream0_IRQHandler
                0x08005b48                TIM4_IRQHandler
                0x08005b48                I2C1_EV_IRQHandler
                0x08005b48                DMA1_Stream6_IRQHandler
                0x08005b48                DMA1_Stream1_IRQHandler
                0x08005b48                UART4_IRQHandler
                0x08005b48                TIM3_IRQHandler
                0x08005b48                RCC_IRQHandler
                0x08005b48                TIM8_BRK_TIM12_IRQHandler
                0x08005b48                Default_Handler
                0x08005b48                EXTI15_10_IRQHandler
                0x08005b48                ADC_IRQHandler
                0x08005b48                DMA1_Stream7_IRQHandler
                0x08005b48                TIM7_IRQHandler
                0x08005b48                CAN2_TX_IRQHandler
                0x08005b48                TIM5_IRQHandler
                0x08005b48                DMA2_Stream7_IRQHandler
                0x08005b48                I2C3_EV_IRQHandler
                0x08005b48                EXTI9_5_IRQHandler
                0x08005b48                RTC_WKUP_IRQHandler
                0x08005b48                ETH_WKUP_IRQHandler
                0x08005b48                SPI2_IRQHandler
                0x08005b48                OTG_HS_EP1_IN_IRQHandler
                0x08005b48                DMA1_Stream0_IRQHandler
                0x08005b48                CAN1_TX_IRQHandler
                0x08005b48                EXTI4_IRQHandler
                0x08005b48                FSMC_IRQHandler
                0x08005b48                ETH_IRQHandler
                0x08005b48                OTG_HS_EP1_OUT_IRQHandler
                0x08005b48                WWDG_IRQHandler
                0x08005b48                TIM2_IRQHandler
                0x08005b48                OTG_FS_WKUP_IRQHandler
                0x08005b48                TIM1_TRG_COM_TIM11_IRQHandler
                0x08005b48                OTG_HS_IRQHandler
                0x08005b48                EXTI1_IRQHandler
                0x08005b48                USART2_IRQHandler
                0x08005b48                I2C2_ER_IRQHandler
                0x08005b48                DMA2_Stream1_IRQHandler
                0x08005b48                CAN1_SCE_IRQHandler
                0x08005b48                FLASH_IRQHandler
                0x08005b48                DMA2_Stream4_IRQHandler
                0x08005b48                USART1_IRQHandler
                0x08005b48                OTG_FS_IRQHandler
                0x08005b48                SPI3_IRQHandler
                0x08005b48                DMA1_Stream4_IRQHandler
                0x08005b48                I2C1_ER_IRQHandler
                0x08005b48                DMA2_Stream6_IRQHandler
                0x08005b48                DMA1_Stream3_IRQHandler
 *fill*         0x08005b4a        0x2 
 .text.HAL_Init
                0x08005b4c       0x44 ./Drivers/STM32F4xx_HAL_Driver/Src/stm32f4xx_hal.o
                0x08005b4c                HAL_Init
 .text.HAL_IncTick
                0x08005b90       0x28 ./Drivers/STM32F4xx_HAL_Driver/Src/stm32f4xx_hal.o
                0x08005b90                HAL_IncTick
 .text.HAL_GetTick
                0x08005bb8       0x18 ./Drivers/STM32F4xx_HAL_Driver/Src/stm32f4xx_hal.o
                0x08005bb8                HAL_GetTick
 .text.__NVIC_SetPriorityGrouping
                0x08005bd0       0x48 ./Drivers/STM32F4xx_HAL_Driver/Src/stm32f4xx_hal_cortex.o
 .text.__NVIC_GetPriorityGrouping
                0x08005c18       0x1c ./Drivers/STM32F4xx_HAL_Driver/Src/stm32f4xx_hal_cortex.o
 .text.__NVIC_EnableIRQ
                0x08005c34       0x3c ./Drivers/STM32F4xx_HAL_Driver/Src/stm32f4xx_hal_cortex.o
 .text.__NVIC_SetPriority
                0x08005c70       0x54 ./Drivers/STM32F4xx_HAL_Driver/Src/stm32f4xx_hal_cortex.o
 .text.NVIC_EncodePriority
                0x08005cc4       0x66 ./Drivers/STM32F4xx_HAL_Driver/Src/stm32f4xx_hal_cortex.o
 .text.HAL_NVIC_SetPriorityGrouping
                0x08005d2a       0x16 ./Drivers/STM32F4xx_HAL_Driver/Src/stm32f4xx_hal_cortex.o
                0x08005d2a                HAL_NVIC_SetPriorityGrouping
 .text.HAL_NVIC_SetPriority
                0x08005d40       0x38 ./Drivers/STM32F4xx_HAL_Driver/Src/stm32f4xx_hal_cortex.o
                0x08005d40                HAL_NVIC_SetPriority
 .text.HAL_NVIC_EnableIRQ
                0x08005d78       0x1c ./Drivers/STM32F4xx_HAL_Driver/Src/stm32f4xx_hal_cortex.o
                0x08005d78                HAL_NVIC_EnableIRQ
 .text.HAL_GPIO_Init
                0x08005d94      0x338 ./Drivers/STM32F4xx_HAL_Driver/Src/stm32f4xx_hal_gpio.o
                0x08005d94                HAL_GPIO_Init
 .text.HAL_GPIO_ReadPin
                0x080060cc       0x30 ./Drivers/STM32F4xx_HAL_Driver/Src/stm32f4xx_hal_gpio.o
                0x080060cc                HAL_GPIO_ReadPin
 .text.HAL_GPIO_WritePin
                0x080060fc       0x32 ./Drivers/STM32F4xx_HAL_Driver/Src/stm32f4xx_hal_gpio.o
                0x080060fc                HAL_GPIO_WritePin
 .text.HAL_GPIO_TogglePin
                0x0800612e       0x34 ./Drivers/STM32F4xx_HAL_Driver/Src/stm32f4xx_hal_gpio.o
                0x0800612e                HAL_GPIO_TogglePin
 *fill*         0x08006162        0x2 
 .text.HAL_RCC_OscConfig
                0x08006164      0x4f0 ./Drivers/STM32F4xx_HAL_Driver/Src/stm32f4xx_hal_rcc.o
                0x08006164                HAL_RCC_OscConfig
 .text.HAL_RCC_ClockConfig
                0x08006654      0x1cc ./Drivers/STM32F4xx_HAL_Driver/Src/stm32f4xx_hal_rcc.o
                0x08006654                HAL_RCC_ClockConfig
 .text.HAL_RCC_GetSysClockFreq
                0x08006820      0x20c ./Drivers/STM32F4xx_HAL_Driver/Src/stm32f4xx_hal_rcc.o
                0x08006820                HAL_RCC_GetSysClockFreq
 .text.HAL_RCC_GetHCLKFreq
                0x08006a2c       0x18 ./Drivers/STM32F4xx_HAL_Driver/Src/stm32f4xx_hal_rcc.o
                0x08006a2c                HAL_RCC_GetHCLKFreq
 .text.HAL_RCC_GetPCLK1Freq
                0x08006a44       0x28 ./Drivers/STM32F4xx_HAL_Driver/Src/stm32f4xx_hal_rcc.o
                0x08006a44                HAL_RCC_GetPCLK1Freq
 .text.HAL_RCC_GetClockConfig
                0x08006a6c       0x64 ./Drivers/STM32F4xx_HAL_Driver/Src/stm32f4xx_hal_rcc.o
                0x08006a6c                HAL_RCC_GetClockConfig
 .text.HAL_TIM_Base_Init
                0x08006ad0       0x9e ./Drivers/STM32F4xx_HAL_Driver/Src/stm32f4xx_hal_tim.o
                0x08006ad0                HAL_TIM_Base_Init
 .text.HAL_TIM_Base_MspInit
                0x08006b6e       0x14 ./Drivers/STM32F4xx_HAL_Driver/Src/stm32f4xx_hal_tim.o
                0x08006b6e                HAL_TIM_Base_MspInit
 *fill*         0x08006b82        0x2 
 .text.HAL_TIM_Base_Start_IT
                0x08006b84       0xe0 ./Drivers/STM32F4xx_HAL_Driver/Src/stm32f4xx_hal_tim.o
                0x08006b84                HAL_TIM_Base_Start_IT
 .text.HAL_TIM_IRQHandler
                0x08006c64      0x1e0 ./Drivers/STM32F4xx_HAL_Driver/Src/stm32f4xx_hal_tim.o
                0x08006c64                HAL_TIM_IRQHandler
 .text.HAL_TIM_OC_DelayElapsedCallback
                0x08006e44       0x14 ./Drivers/STM32F4xx_HAL_Driver/Src/stm32f4xx_hal_tim.o
                0x08006e44                HAL_TIM_OC_DelayElapsedCallback
 .text.HAL_TIM_IC_CaptureCallback
                0x08006e58       0x14 ./Drivers/STM32F4xx_HAL_Driver/Src/stm32f4xx_hal_tim.o
                0x08006e58                HAL_TIM_IC_CaptureCallback
 .text.HAL_TIM_PWM_PulseFinishedCallback
                0x08006e6c       0x14 ./Drivers/STM32F4xx_HAL_Driver/Src/stm32f4xx_hal_tim.o
                0x08006e6c                HAL_TIM_PWM_PulseFinishedCallback
 .text.HAL_TIM_TriggerCallback
                0x08006e80       0x14 ./Drivers/STM32F4xx_HAL_Driver/Src/stm32f4xx_hal_tim.o
                0x08006e80                HAL_TIM_TriggerCallback
 .text.TIM_Base_SetConfig
                0x08006e94      0x158 ./Drivers/STM32F4xx_HAL_Driver/Src/stm32f4xx_hal_tim.o
                0x08006e94                TIM_Base_SetConfig
 .text.HAL_TIMEx_CommutCallback
                0x08006fec       0x14 ./Drivers/STM32F4xx_HAL_Driver/Src/stm32f4xx_hal_tim_ex.o
                0x08006fec                HAL_TIMEx_CommutCallback
 .text.HAL_TIMEx_BreakCallback
                0x08007000       0x14 ./Drivers/STM32F4xx_HAL_Driver/Src/stm32f4xx_hal_tim_ex.o
                0x08007000                HAL_TIMEx_BreakCallback
 .text.memcmp   0x08007014       0x20 C:/ST/STM32CubeIDE_1.15.0/STM32CubeIDE/plugins/com.st.stm32cube.ide.mcu.externaltools.gnu-tools-for-stm32.12.3.rel1.win32_1.0.200.202406191623/tools/bin/../lib/gcc/arm-none-eabi/12.3.1/../../../../arm-none-eabi/lib/thumb/v7e-m+fp/hard\libc_nano.a(libc_a-memcmp.o)
                0x08007014                memcmp
 .text.memset   0x08007034       0x10 C:/ST/STM32CubeIDE_1.15.0/STM32CubeIDE/plugins/com.st.stm32cube.ide.mcu.externaltools.gnu-tools-for-stm32.12.3.rel1.win32_1.0.200.202406191623/tools/bin/../lib/gcc/arm-none-eabi/12.3.1/../../../../arm-none-eabi/lib/thumb/v7e-m+fp/hard\libc_nano.a(libc_a-memset.o)
                0x08007034                memset
 .text.__libc_init_array
                0x08007044       0x48 C:/ST/STM32CubeIDE_1.15.0/STM32CubeIDE/plugins/com.st.stm32cube.ide.mcu.externaltools.gnu-tools-for-stm32.12.3.rel1.win32_1.0.200.202406191623/tools/bin/../lib/gcc/arm-none-eabi/12.3.1/../../../../arm-none-eabi/lib/thumb/v7e-m+fp/hard\libc_nano.a(libc_a-init.o)
                0x08007044                __libc_init_array
 .text.memcpy   0x0800708c       0x1c C:/ST/STM32CubeIDE_1.15.0/STM32CubeIDE/plugins/com.st.stm32cube.ide.mcu.externaltools.gnu-tools-for-stm32.12.3.rel1.win32_1.0.200.202406191623/tools/bin/../lib/gcc/arm-none-eabi/12.3.1/../../../../arm-none-eabi/lib/thumb/v7e-m+fp/hard\libc_nano.a(libc_a-memcpy-stub.o)
                0x0800708c                memcpy
 *(.glue_7)
 .glue_7        0x080070a8        0x0 linker stubs
 *(.glue_7t)
 .glue_7t       0x080070a8        0x0 linker stubs
 *(.eh_frame)
 .eh_frame      0x080070a8        0x0 C:/ST/STM32CubeIDE_1.15.0/STM32CubeIDE/plugins/com.st.stm32cube.ide.mcu.externaltools.gnu-tools-for-stm32.12.3.rel1.win32_1.0.200.202406191623/tools/bin/../lib/gcc/arm-none-eabi/12.3.1/thumb/v7e-m+fp/hard/crtbegin.o
 *(.init)
 .init          0x080070a8        0x4 C:/ST/STM32CubeIDE_1.15.0/STM32CubeIDE/plugins/com.st.stm32cube.ide.mcu.externaltools.gnu-tools-for-stm32.12.3.rel1.win32_1.0.200.202406191623/tools/bin/../lib/gcc/arm-none-eabi/12.3.1/thumb/v7e-m+fp/hard/crti.o
                0x080070a8                _init
 .init          0x080070ac        0x8 C:/ST/STM32CubeIDE_1.15.0/STM32CubeIDE/plugins/com.st.stm32cube.ide.mcu.externaltools.gnu-tools-for-stm32.12.3.rel1.win32_1.0.200.202406191623/tools/bin/../lib/gcc/arm-none-eabi/12.3.1/thumb/v7e-m+fp/hard/crtn.o
 *(.fini)
 .fini          0x080070b4        0x4 C:/ST/STM32CubeIDE_1.15.0/STM32CubeIDE/plugins/com.st.stm32cube.ide.mcu.externaltools.gnu-tools-for-stm32.12.3.rel1.win32_1.0.200.202406191623/tools/bin/../lib/gcc/arm-none-eabi/12.3.1/thumb/v7e-m+fp/hard/crti.o
                0x080070b4                _fini
 .fini          0x080070b8        0x8 C:/ST/STM32CubeIDE_1.15.0/STM32CubeIDE/plugins/com.st.stm32cube.ide.mcu.externaltools.gnu-tools-for-stm32.12.3.rel1.win32_1.0.200.202406191623/tools/bin/../lib/gcc/arm-none-eabi/12.3.1/thumb/v7e-m+fp/hard/crtn.o
                0x080070c0                        . = ALIGN (0x4)
                0x080070c0                        _etext = .

.vfp11_veneer   0x080070c0        0x0
 .vfp11_veneer  0x080070c0        0x0 linker stubs

.v4_bx          0x080070c0        0x0
 .v4_bx         0x080070c0        0x0 linker stubs

.iplt           0x080070c0        0x0
 .iplt          0x080070c0        0x0 C:/ST/STM32CubeIDE_1.15.0/STM32CubeIDE/plugins/com.st.stm32cube.ide.mcu.externaltools.gnu-tools-for-stm32.12.3.rel1.win32_1.0.200.202406191623/tools/bin/../lib/gcc/arm-none-eabi/12.3.1/thumb/v7e-m+fp/hard/crtbegin.o

.rodata         0x080070c0      0x1e8
                0x080070c0                        . = ALIGN (0x4)
 *(.rodata)
 .rodata        0x080070c0        0x5 ./Common/ThirdParty/FreeRTOS/tasks.o
 *fill*         0x080070c5        0x3 
 .rodata        0x080070c8        0xd ./Common/ThirdParty/FreeRTOS/timers.o
 *fill*         0x080070d5        0x3 
 .rodata        0x080070d8       0x4d ./Common/ThirdParty/SEGGER/Config/SEGGER_SYSVIEW_Config_FreeRTOS.o
 *fill*         0x08007125        0x3 
 .rodata        0x08007128       0x58 ./Common/ThirdParty/SEGGER/OS/SEGGER_SYSVIEW_FreeRTOS.o
 .rodata        0x08007180        0x9 ./Common/ThirdParty/SEGGER/SEGGER/SEGGER_RTT.o
 *fill*         0x08007189        0x3 
 .rodata        0x0800718c       0x10 ./Common/ThirdParty/SEGGER/SEGGER/SEGGER_SYSVIEW.o
 .rodata        0x0800719c       0xbc ./Core/Src/main.o
 *(.rodata*)
 .rodata.SYSVIEW_X_OS_TraceAPI
                0x08007258        0x8 ./Common/ThirdParty/SEGGER/OS/SEGGER_SYSVIEW_FreeRTOS.o
                0x08007258                SYSVIEW_X_OS_TraceAPI
 .rodata._aInitStr.0
                0x08007260       0x11 ./Common/ThirdParty/SEGGER/SEGGER/SEGGER_RTT.o
 *fill*         0x08007271        0x3 
 .rodata._abSync
                0x08007274        0xa ./Common/ThirdParty/SEGGER/SEGGER/SEGGER_SYSVIEW.o
 *fill*         0x0800727e        0x2 
 .rodata._aV2C.0
                0x08007280       0x10 ./Common/ThirdParty/SEGGER/SEGGER/SEGGER_SYSVIEW.o
 .rodata.AHBPrescTable
                0x08007290       0x10 ./Core/Src/system_stm32f4xx.o
                0x08007290                AHBPrescTable
 .rodata.APBPrescTable
                0x080072a0        0x8 ./Core/Src/system_stm32f4xx.o
                0x080072a0                APBPrescTable
                0x080072a8                        . = ALIGN (0x4)

.ARM.extab      0x080072a8        0x0
                0x080072a8                        . = ALIGN (0x4)
 *(.ARM.extab* .gnu.linkonce.armextab.*)
                0x080072a8                        . = ALIGN (0x4)

.ARM            0x080072a8        0x8
                0x080072a8                        . = ALIGN (0x4)
                0x080072a8                        __exidx_start = .
 *(.ARM.exidx*)
 .ARM.exidx     0x080072a8        0x8 C:/ST/STM32CubeIDE_1.15.0/STM32CubeIDE/plugins/com.st.stm32cube.ide.mcu.externaltools.gnu-tools-for-stm32.12.3.rel1.win32_1.0.200.202406191623/tools/bin/../lib/gcc/arm-none-eabi/12.3.1/thumb/v7e-m+fp/hard\libgcc.a(_udivmoddi4.o)
                0x080072b0                        __exidx_end = .
                0x080072b0                        . = ALIGN (0x4)

.preinit_array  0x080072b0        0x0
                0x080072b0                        . = ALIGN (0x4)
                0x080072b0                        PROVIDE (__preinit_array_start = .)
 *(.preinit_array*)
                0x080072b0                        PROVIDE (__preinit_array_end = .)
                0x080072b0                        . = ALIGN (0x4)

.init_array     0x080072b0        0x4
                0x080072b0                        . = ALIGN (0x4)
                0x080072b0                        PROVIDE (__init_array_start = .)
 *(SORT_BY_NAME(.init_array.*))
 *(.init_array*)
 .init_array    0x080072b0        0x4 C:/ST/STM32CubeIDE_1.15.0/STM32CubeIDE/plugins/com.st.stm32cube.ide.mcu.externaltools.gnu-tools-for-stm32.12.3.rel1.win32_1.0.200.202406191623/tools/bin/../lib/gcc/arm-none-eabi/12.3.1/thumb/v7e-m+fp/hard/crtbegin.o
                0x080072b4                        PROVIDE (__init_array_end = .)
                0x080072b4                        . = ALIGN (0x4)

.fini_array     0x080072b4        0x4
                0x080072b4                        . = ALIGN (0x4)
                [!provide]                        PROVIDE (__fini_array_start = .)
 *(SORT_BY_NAME(.fini_array.*))
 *(.fini_array*)
 .fini_array    0x080072b4        0x4 C:/ST/STM32CubeIDE_1.15.0/STM32CubeIDE/plugins/com.st.stm32cube.ide.mcu.externaltools.gnu-tools-for-stm32.12.3.rel1.win32_1.0.200.202406191623/tools/bin/../lib/gcc/arm-none-eabi/12.3.1/thumb/v7e-m+fp/hard/crtbegin.o
                [!provide]                        PROVIDE (__fini_array_end = .)
                0x080072b8                        . = ALIGN (0x4)
                0x080072b8                        _sidata = LOADADDR (.data)

.rel.dyn        0x080072b8        0x0
 .rel.iplt      0x080072b8        0x0 C:/ST/STM32CubeIDE_1.15.0/STM32CubeIDE/plugins/com.st.stm32cube.ide.mcu.externaltools.gnu-tools-for-stm32.12.3.rel1.win32_1.0.200.202406191623/tools/bin/../lib/gcc/arm-none-eabi/12.3.1/thumb/v7e-m+fp/hard/crtbegin.o

.data           0x20000000       0x14 load address 0x080072b8
                0x20000000                        . = ALIGN (0x4)
                0x20000000                        _sdata = .
 *(.data)
 *(.data*)
 .data.uxTopUsedPriority
                0x20000000        0x4 ./Common/ThirdParty/FreeRTOS/tasks.o
                0x20000000                uxTopUsedPriority
 .data.uxCriticalNesting
                0x20000004        0x4 ./Common/ThirdParty/FreeRTOS/portable/GCC/ARM_CM4F/port.o
 .data.SystemCoreClock
                0x20000008        0x4 ./Core/Src/system_stm32f4xx.o
                0x20000008                SystemCoreClock
 .data.uwTickPrio
                0x2000000c        0x4 ./Drivers/STM32F4xx_HAL_Driver/Src/stm32f4xx_hal.o
                0x2000000c                uwTickPrio
 .data.uwTickFreq
                0x20000010        0x1 ./Drivers/STM32F4xx_HAL_Driver/Src/stm32f4xx_hal.o
                0x20000010                uwTickFreq
 *(.RamFunc)
 *(.RamFunc*)
                0x20000014                        . = ALIGN (0x4)
 *fill*         0x20000011        0x3 
                0x20000014                        _edata = .
                0x080072cc                        _siccmram = LOADADDR (.ccmram)

.igot.plt       0x20000014        0x0 load address 0x080072cc
 .igot.plt      0x20000014        0x0 C:/ST/STM32CubeIDE_1.15.0/STM32CubeIDE/plugins/com.st.stm32cube.ide.mcu.externaltools.gnu-tools-for-stm32.12.3.rel1.win32_1.0.200.202406191623/tools/bin/../lib/gcc/arm-none-eabi/12.3.1/thumb/v7e-m+fp/hard/crtbegin.o

.ccmram         0x10000000        0x0 load address 0x080072cc
                0x10000000                        . = ALIGN (0x4)
                0x10000000                        _sccmram = .
 *(.ccmram)
 *(.ccmram*)
                0x10000000                        . = ALIGN (0x4)
                0x10000000                        _eccmram = .
                0x10000000                        . = ALIGN (0x4)

.bss            0x20000014    0x14498
                0x20000014                        _sbss = .
                0x20000014                        __bss_start__ = _sbss
 *(.bss)
 .bss           0x20000014       0x1c C:/ST/STM32CubeIDE_1.15.0/STM32CubeIDE/plugins/com.st.stm32cube.ide.mcu.externaltools.gnu-tools-for-stm32.12.3.rel1.win32_1.0.200.202406191623/tools/bin/../lib/gcc/arm-none-eabi/12.3.1/thumb/v7e-m+fp/hard/crtbegin.o
 *(.bss*)
 .bss.xQueueRegistry
                0x20000030       0x40 ./Common/ThirdParty/FreeRTOS/queue.o
                0x20000030                xQueueRegistry
 .bss.pxCurrentTCB
                0x20000070        0x4 ./Common/ThirdParty/FreeRTOS/tasks.o
                0x20000070                pxCurrentTCB
 .bss.pxReadyTasksLists
                0x20000074       0x64 ./Common/ThirdParty/FreeRTOS/tasks.o
 .bss.xDelayedTaskList1
                0x200000d8       0x14 ./Common/ThirdParty/FreeRTOS/tasks.o
 .bss.xDelayedTaskList2
                0x200000ec       0x14 ./Common/ThirdParty/FreeRTOS/tasks.o
 .bss.pxDelayedTaskList
                0x20000100        0x4 ./Common/ThirdParty/FreeRTOS/tasks.o
 .bss.pxOverflowDelayedTaskList
                0x20000104        0x4 ./Common/ThirdParty/FreeRTOS/tasks.o
 .bss.xPendingReadyList
                0x20000108       0x14 ./Common/ThirdParty/FreeRTOS/tasks.o
 .bss.xTasksWaitingTermination
                0x2000011c       0x14 ./Common/ThirdParty/FreeRTOS/tasks.o
 .bss.uxDeletedTasksWaitingCleanUp
                0x20000130        0x4 ./Common/ThirdParty/FreeRTOS/tasks.o
 .bss.xSuspendedTaskList
                0x20000134       0x14 ./Common/ThirdParty/FreeRTOS/tasks.o
 .bss.uxCurrentNumberOfTasks
                0x20000148        0x4 ./Common/ThirdParty/FreeRTOS/tasks.o
 .bss.xTickCount
                0x2000014c        0x4 ./Common/ThirdParty/FreeRTOS/tasks.o
 .bss.uxTopReadyPriority
                0x20000150        0x4 ./Common/ThirdParty/FreeRTOS/tasks.o
 .bss.xSchedulerRunning
                0x20000154        0x4 ./Common/ThirdParty/FreeRTOS/tasks.o
 .bss.xPendedTicks
                0x20000158        0x4 ./Common/ThirdParty/FreeRTOS/tasks.o
 .bss.xYieldPending
                0x2000015c        0x4 ./Common/ThirdParty/FreeRTOS/tasks.o
 .bss.xNumOfOverflows
                0x20000160        0x4 ./Common/ThirdParty/FreeRTOS/tasks.o
 .bss.uxTaskNumber
                0x20000164        0x4 ./Common/ThirdParty/FreeRTOS/tasks.o
 .bss.xNextTaskUnblockTime
                0x20000168        0x4 ./Common/ThirdParty/FreeRTOS/tasks.o
 .bss.xIdleTaskHandle
                0x2000016c        0x4 ./Common/ThirdParty/FreeRTOS/tasks.o
 .bss.uxSchedulerSuspended
                0x20000170        0x4 ./Common/ThirdParty/FreeRTOS/tasks.o
 .bss.xActiveTimerList1
                0x20000174       0x14 ./Common/ThirdParty/FreeRTOS/timers.o
 .bss.xActiveTimerList2
                0x20000188       0x14 ./Common/ThirdParty/FreeRTOS/timers.o
 .bss.pxCurrentTimerList
                0x2000019c        0x4 ./Common/ThirdParty/FreeRTOS/timers.o
 .bss.pxOverflowTimerList
                0x200001a0        0x4 ./Common/ThirdParty/FreeRTOS/timers.o
 .bss.xTimerQueue
                0x200001a4        0x4 ./Common/ThirdParty/FreeRTOS/timers.o
 .bss.xTimerTaskHandle
                0x200001a8        0x4 ./Common/ThirdParty/FreeRTOS/timers.o
 .bss.xLastTime.0
                0x200001ac        0x4 ./Common/ThirdParty/FreeRTOS/timers.o
 .bss.ucMaxSysCallPriority
                0x200001b0        0x1 ./Common/ThirdParty/FreeRTOS/portable/GCC/ARM_CM4F/port.o
 *fill*         0x200001b1        0x3 
 .bss.ulMaxPRIGROUPValue
                0x200001b4        0x4 ./Common/ThirdParty/FreeRTOS/portable/GCC/ARM_CM4F/port.o
 .bss.ucHeap    0x200001b8    0x12c00 ./Common/ThirdParty/FreeRTOS/portable/MemMang/heap_4.o
 .bss.xStart    0x20012db8        0x8 ./Common/ThirdParty/FreeRTOS/portable/MemMang/heap_4.o
 .bss.pxEnd     0x20012dc0        0x4 ./Common/ThirdParty/FreeRTOS/portable/MemMang/heap_4.o
 .bss.xFreeBytesRemaining
                0x20012dc4        0x4 ./Common/ThirdParty/FreeRTOS/portable/MemMang/heap_4.o
 .bss.xMinimumEverFreeBytesRemaining
                0x20012dc8        0x4 ./Common/ThirdParty/FreeRTOS/portable/MemMang/heap_4.o
 .bss.xNumberOfSuccessfulAllocations
                0x20012dcc        0x4 ./Common/ThirdParty/FreeRTOS/portable/MemMang/heap_4.o
 .bss.xNumberOfSuccessfulFrees
                0x20012dd0        0x4 ./Common/ThirdParty/FreeRTOS/portable/MemMang/heap_4.o
 .bss._aTasks   0x20012dd4       0xa0 ./Common/ThirdParty/SEGGER/OS/SEGGER_SYSVIEW_FreeRTOS.o
 .bss._NumTasks
                0x20012e74        0x4 ./Common/ThirdParty/SEGGER/OS/SEGGER_SYSVIEW_FreeRTOS.o
 .bss._SEGGER_RTT
                0x20012e78       0xa8 ./Common/ThirdParty/SEGGER/SEGGER/SEGGER_RTT.o
                0x20012e78                _SEGGER_RTT
 .bss._acUpBuffer
                0x20012f20      0x400 ./Common/ThirdParty/SEGGER/SEGGER/SEGGER_RTT.o
 .bss._acDownBuffer
                0x20013320       0x10 ./Common/ThirdParty/SEGGER/SEGGER/SEGGER_RTT.o
 .bss._UpBuffer
                0x20013330     0x1000 ./Common/ThirdParty/SEGGER/SEGGER/SEGGER_SYSVIEW.o
 .bss._DownBuffer
                0x20014330        0x8 ./Common/ThirdParty/SEGGER/SEGGER/SEGGER_SYSVIEW.o
 .bss._SYSVIEW_Globals
                0x20014338       0x28 ./Common/ThirdParty/SEGGER/SEGGER/SEGGER_SYSVIEW.o
 .bss._pFirstModule
                0x20014360        0x4 ./Common/ThirdParty/SEGGER/SEGGER/SEGGER_SYSVIEW.o
 .bss._NumModules
                0x20014364        0x1 ./Common/ThirdParty/SEGGER/SEGGER/SEGGER_SYSVIEW.o
 *fill*         0x20014365        0x3 
 .bss._aPacket  0x20014368       0xe3 ./Common/ThirdParty/SEGGER/SEGGER/SEGGER_SYSVIEW.o
 *fill*         0x2001444b        0x1 
 .bss.ledg_task_handle
                0x2001444c        0x4 ./Core/Src/main.o
                0x2001444c                ledg_task_handle
 .bss.ledo_task_handle
                0x20014450        0x4 ./Core/Src/main.o
                0x20014450                ledo_task_handle
 .bss.ledr_task_handle
                0x20014454        0x4 ./Core/Src/main.o
                0x20014454                ledr_task_handle
 .bss.btn_task_handle
                0x20014458        0x4 ./Core/Src/main.o
                0x20014458                btn_task_handle
 .bss.next_task_handle
                0x2001445c        0x4 ./Core/Src/main.o
                0x2001445c                next_task_handle
 .bss.htim6     0x20014460       0x48 ./Core/Src/stm32f4xx_hal_timebase_tim.o
                0x20014460                htim6
 .bss.uwTick    0x200144a8        0x4 ./Drivers/STM32F4xx_HAL_Driver/Src/stm32f4xx_hal.o
                0x200144a8                uwTick
 *(COMMON)
                0x200144ac                        . = ALIGN (0x4)
                0x200144ac                        _ebss = .
                0x200144ac                        __bss_end__ = _ebss

._user_heap_stack
                0x200144ac      0x604
                0x200144b0                        . = ALIGN (0x8)
 *fill*         0x200144ac        0x4 
                [!provide]                        PROVIDE (end = .)
                0x200144b0                        PROVIDE (_end = .)
                0x200146b0                        . = (. + _Min_Heap_Size)
 *fill*         0x200144b0      0x200 
                0x20014ab0                        . = (. + _Min_Stack_Size)
 *fill*         0x200146b0      0x400 
                0x20014ab0                        . = ALIGN (0x8)

/DISCARD/
 libc.a(*)
 libm.a(*)
 libgcc.a(*)

.ARM.attributes
                0x00000000       0x30
 *(.ARM.attributes)
 .ARM.attributes
                0x00000000       0x22 C:/ST/STM32CubeIDE_1.15.0/STM32CubeIDE/plugins/com.st.stm32cube.ide.mcu.externaltools.gnu-tools-for-stm32.12.3.rel1.win32_1.0.200.202406191623/tools/bin/../lib/gcc/arm-none-eabi/12.3.1/thumb/v7e-m+fp/hard/crti.o
 .ARM.attributes
                0x00000022       0x34 C:/ST/STM32CubeIDE_1.15.0/STM32CubeIDE/plugins/com.st.stm32cube.ide.mcu.externaltools.gnu-tools-for-stm32.12.3.rel1.win32_1.0.200.202406191623/tools/bin/../lib/gcc/arm-none-eabi/12.3.1/thumb/v7e-m+fp/hard/crtbegin.o
 .ARM.attributes
                0x00000056       0x34 ./Common/ThirdParty/FreeRTOS/list.o
 .ARM.attributes
                0x0000008a       0x34 ./Common/ThirdParty/FreeRTOS/queue.o
 .ARM.attributes
                0x000000be       0x34 ./Common/ThirdParty/FreeRTOS/tasks.o
 .ARM.attributes
                0x000000f2       0x34 ./Common/ThirdParty/FreeRTOS/timers.o
 .ARM.attributes
                0x00000126       0x34 ./Common/ThirdParty/FreeRTOS/portable/GCC/ARM_CM4F/port.o
 .ARM.attributes
                0x0000015a       0x34 ./Common/ThirdParty/FreeRTOS/portable/MemMang/heap_4.o
 .ARM.attributes
                0x0000018e       0x34 ./Common/ThirdParty/SEGGER/Config/SEGGER_SYSVIEW_Config_FreeRTOS.o
 .ARM.attributes
                0x000001c2       0x34 ./Common/ThirdParty/SEGGER/OS/SEGGER_SYSVIEW_FreeRTOS.o
 .ARM.attributes
                0x000001f6       0x34 ./Common/ThirdParty/SEGGER/SEGGER/SEGGER_RTT.o
 .ARM.attributes
                0x0000022a       0x20 ./Common/ThirdParty/SEGGER/SEGGER/SEGGER_RTT_ASM_ARMv7M.o
 .ARM.attributes
                0x0000024a       0x34 ./Common/ThirdParty/SEGGER/SEGGER/SEGGER_SYSVIEW.o
 .ARM.attributes
                0x0000027e       0x34 ./Core/Src/main.o
 .ARM.attributes
                0x000002b2       0x34 ./Core/Src/stm32f4xx_hal_msp.o
 .ARM.attributes
                0x000002e6       0x34 ./Core/Src/stm32f4xx_hal_timebase_tim.o
 .ARM.attributes
                0x0000031a       0x34 ./Core/Src/stm32f4xx_it.o
 .ARM.attributes
                0x0000034e       0x34 ./Core/Src/system_stm32f4xx.o
 .ARM.attributes
                0x00000382       0x21 ./Core/Startup/startup_stm32f407vgtx.o
 .ARM.attributes
                0x000003a3       0x34 ./Drivers/STM32F4xx_HAL_Driver/Src/stm32f4xx_hal.o
 .ARM.attributes
                0x000003d7       0x34 ./Drivers/STM32F4xx_HAL_Driver/Src/stm32f4xx_hal_cortex.o
 .ARM.attributes
                0x0000040b       0x34 ./Drivers/STM32F4xx_HAL_Driver/Src/stm32f4xx_hal_gpio.o
 .ARM.attributes
                0x0000043f       0x34 ./Drivers/STM32F4xx_HAL_Driver/Src/stm32f4xx_hal_rcc.o
 .ARM.attributes
                0x00000473       0x34 ./Drivers/STM32F4xx_HAL_Driver/Src/stm32f4xx_hal_tim.o
 .ARM.attributes
                0x000004a7       0x34 ./Drivers/STM32F4xx_HAL_Driver/Src/stm32f4xx_hal_tim_ex.o
 .ARM.attributes
                0x000004db       0x34 C:/ST/STM32CubeIDE_1.15.0/STM32CubeIDE/plugins/com.st.stm32cube.ide.mcu.externaltools.gnu-tools-for-stm32.12.3.rel1.win32_1.0.200.202406191623/tools/bin/../lib/gcc/arm-none-eabi/12.3.1/../../../../arm-none-eabi/lib/thumb/v7e-m+fp/hard\libc_nano.a(libc_a-memcmp.o)
 .ARM.attributes
                0x0000050f       0x34 C:/ST/STM32CubeIDE_1.15.0/STM32CubeIDE/plugins/com.st.stm32cube.ide.mcu.externaltools.gnu-tools-for-stm32.12.3.rel1.win32_1.0.200.202406191623/tools/bin/../lib/gcc/arm-none-eabi/12.3.1/../../../../arm-none-eabi/lib/thumb/v7e-m+fp/hard\libc_nano.a(libc_a-memset.o)
 .ARM.attributes
                0x00000543       0x34 C:/ST/STM32CubeIDE_1.15.0/STM32CubeIDE/plugins/com.st.stm32cube.ide.mcu.externaltools.gnu-tools-for-stm32.12.3.rel1.win32_1.0.200.202406191623/tools/bin/../lib/gcc/arm-none-eabi/12.3.1/../../../../arm-none-eabi/lib/thumb/v7e-m+fp/hard\libc_nano.a(libc_a-init.o)
 .ARM.attributes
                0x00000577       0x34 C:/ST/STM32CubeIDE_1.15.0/STM32CubeIDE/plugins/com.st.stm32cube.ide.mcu.externaltools.gnu-tools-for-stm32.12.3.rel1.win32_1.0.200.202406191623/tools/bin/../lib/gcc/arm-none-eabi/12.3.1/../../../../arm-none-eabi/lib/thumb/v7e-m+fp/hard\libc_nano.a(libc_a-memcpy-stub.o)
 .ARM.attributes
                0x000005ab       0x22 C:/ST/STM32CubeIDE_1.15.0/STM32CubeIDE/plugins/com.st.stm32cube.ide.mcu.externaltools.gnu-tools-for-stm32.12.3.rel1.win32_1.0.200.202406191623/tools/bin/../lib/gcc/arm-none-eabi/12.3.1/thumb/v7e-m+fp/hard\libgcc.a(_aeabi_uldivmod.o)
 .ARM.attributes
                0x000005cd       0x34 C:/ST/STM32CubeIDE_1.15.0/STM32CubeIDE/plugins/com.st.stm32cube.ide.mcu.externaltools.gnu-tools-for-stm32.12.3.rel1.win32_1.0.200.202406191623/tools/bin/../lib/gcc/arm-none-eabi/12.3.1/thumb/v7e-m+fp/hard\libgcc.a(_udivmoddi4.o)
 .ARM.attributes
                0x00000601       0x22 C:/ST/STM32CubeIDE_1.15.0/STM32CubeIDE/plugins/com.st.stm32cube.ide.mcu.externaltools.gnu-tools-for-stm32.12.3.rel1.win32_1.0.200.202406191623/tools/bin/../lib/gcc/arm-none-eabi/12.3.1/thumb/v7e-m+fp/hard\libgcc.a(_dvmd_tls.o)
 .ARM.attributes
                0x00000623       0x22 C:/ST/STM32CubeIDE_1.15.0/STM32CubeIDE/plugins/com.st.stm32cube.ide.mcu.externaltools.gnu-tools-for-stm32.12.3.rel1.win32_1.0.200.202406191623/tools/bin/../lib/gcc/arm-none-eabi/12.3.1/thumb/v7e-m+fp/hard/crtn.o
OUTPUT(005LED_Task_Notify.elf elf32-littlearm)
LOAD linker stubs
LOAD C:/ST/STM32CubeIDE_1.15.0/STM32CubeIDE/plugins/com.st.stm32cube.ide.mcu.externaltools.gnu-tools-for-stm32.12.3.rel1.win32_1.0.200.202406191623/tools/bin/../lib/gcc/arm-none-eabi/12.3.1/../../../../arm-none-eabi/lib/thumb/v7e-m+fp/hard\libc.a
LOAD C:/ST/STM32CubeIDE_1.15.0/STM32CubeIDE/plugins/com.st.stm32cube.ide.mcu.externaltools.gnu-tools-for-stm32.12.3.rel1.win32_1.0.200.202406191623/tools/bin/../lib/gcc/arm-none-eabi/12.3.1/../../../../arm-none-eabi/lib/thumb/v7e-m+fp/hard\libm.a
LOAD C:/ST/STM32CubeIDE_1.15.0/STM32CubeIDE/plugins/com.st.stm32cube.ide.mcu.externaltools.gnu-tools-for-stm32.12.3.rel1.win32_1.0.200.202406191623/tools/bin/../lib/gcc/arm-none-eabi/12.3.1/thumb/v7e-m+fp/hard\libgcc.a

.debug_info     0x00000000    0x14966
 .debug_info    0x00000000      0x2af ./Common/ThirdParty/FreeRTOS/list.o
 .debug_info    0x000002af     0x18ec ./Common/ThirdParty/FreeRTOS/queue.o
 .debug_info    0x00001b9b     0x25e5 ./Common/ThirdParty/FreeRTOS/tasks.o
 .debug_info    0x00004180      0xe20 ./Common/ThirdParty/FreeRTOS/timers.o
 .debug_info    0x00004fa0      0x59d ./Common/ThirdParty/FreeRTOS/portable/GCC/ARM_CM4F/port.o
 .debug_info    0x0000553d      0x523 ./Common/ThirdParty/FreeRTOS/portable/MemMang/heap_4.o
 .debug_info    0x00005a60      0x176 ./Common/ThirdParty/SEGGER/Config/SEGGER_SYSVIEW_Config_FreeRTOS.o
 .debug_info    0x00005bd6      0x41b ./Common/ThirdParty/SEGGER/OS/SEGGER_SYSVIEW_FreeRTOS.o
 .debug_info    0x00005ff1     0x14d5 ./Common/ThirdParty/SEGGER/SEGGER/SEGGER_RTT.o
 .debug_info    0x000074c6       0x25 ./Common/ThirdParty/SEGGER/SEGGER/SEGGER_RTT_ASM_ARMv7M.o
 .debug_info    0x000074eb     0x3d47 ./Common/ThirdParty/SEGGER/SEGGER/SEGGER_SYSVIEW.o
 .debug_info    0x0000b232     0x1066 ./Core/Src/main.o
 .debug_info    0x0000c298      0xa39 ./Core/Src/stm32f4xx_hal_msp.o
 .debug_info    0x0000ccd1      0xbee ./Core/Src/stm32f4xx_hal_timebase_tim.o
 .debug_info    0x0000d8bf      0x6ab ./Core/Src/stm32f4xx_it.o
 .debug_info    0x0000df6a      0x512 ./Core/Src/system_stm32f4xx.o
 .debug_info    0x0000e47c       0x30 ./Core/Startup/startup_stm32f407vgtx.o
 .debug_info    0x0000e4ac      0x944 ./Drivers/STM32F4xx_HAL_Driver/Src/stm32f4xx_hal.o
 .debug_info    0x0000edf0      0xd8c ./Drivers/STM32F4xx_HAL_Driver/Src/stm32f4xx_hal_cortex.o
 .debug_info    0x0000fb7c      0x6c3 ./Drivers/STM32F4xx_HAL_Driver/Src/stm32f4xx_hal_gpio.o
 .debug_info    0x0001023f      0x8af ./Drivers/STM32F4xx_HAL_Driver/Src/stm32f4xx_hal_rcc.o
 .debug_info    0x00010aee     0x299d ./Drivers/STM32F4xx_HAL_Driver/Src/stm32f4xx_hal_tim.o
 .debug_info    0x0001348b     0x14db ./Drivers/STM32F4xx_HAL_Driver/Src/stm32f4xx_hal_tim_ex.o

.debug_abbrev   0x00000000     0x2f76
 .debug_abbrev  0x00000000       0xf5 ./Common/ThirdParty/FreeRTOS/list.o
 .debug_abbrev  0x000000f5      0x321 ./Common/ThirdParty/FreeRTOS/queue.o
 .debug_abbrev  0x00000416      0x39f ./Common/ThirdParty/FreeRTOS/tasks.o
 .debug_abbrev  0x000007b5      0x2cb ./Common/ThirdParty/FreeRTOS/timers.o
 .debug_abbrev  0x00000a80      0x25a ./Common/ThirdParty/FreeRTOS/portable/GCC/ARM_CM4F/port.o
 .debug_abbrev  0x00000cda      0x256 ./Common/ThirdParty/FreeRTOS/portable/MemMang/heap_4.o
 .debug_abbrev  0x00000f30       0xdf ./Common/ThirdParty/SEGGER/Config/SEGGER_SYSVIEW_Config_FreeRTOS.o
 .debug_abbrev  0x0000100f      0x191 ./Common/ThirdParty/SEGGER/OS/SEGGER_SYSVIEW_FreeRTOS.o
 .debug_abbrev  0x000011a0      0x230 ./Common/ThirdParty/SEGGER/SEGGER/SEGGER_RTT.o
 .debug_abbrev  0x000013d0       0x14 ./Common/ThirdParty/SEGGER/SEGGER/SEGGER_RTT_ASM_ARMv7M.o
 .debug_abbrev  0x000013e4      0x320 ./Common/ThirdParty/SEGGER/SEGGER/SEGGER_SYSVIEW.o
 .debug_abbrev  0x00001704      0x33f ./Core/Src/main.o
 .debug_abbrev  0x00001a43      0x1cd ./Core/Src/stm32f4xx_hal_msp.o
 .debug_abbrev  0x00001c10      0x1f4 ./Core/Src/stm32f4xx_hal_timebase_tim.o
 .debug_abbrev  0x00001e04      0x17d ./Core/Src/stm32f4xx_it.o
 .debug_abbrev  0x00001f81      0x11a ./Core/Src/system_stm32f4xx.o
 .debug_abbrev  0x0000209b       0x24 ./Core/Startup/startup_stm32f407vgtx.o
 .debug_abbrev  0x000020bf      0x214 ./Drivers/STM32F4xx_HAL_Driver/Src/stm32f4xx_hal.o
 .debug_abbrev  0x000022d3      0x31d ./Drivers/STM32F4xx_HAL_Driver/Src/stm32f4xx_hal_cortex.o
 .debug_abbrev  0x000025f0      0x1d4 ./Drivers/STM32F4xx_HAL_Driver/Src/stm32f4xx_hal_gpio.o
 .debug_abbrev  0x000027c4      0x2b7 ./Drivers/STM32F4xx_HAL_Driver/Src/stm32f4xx_hal_rcc.o
 .debug_abbrev  0x00002a7b      0x278 ./Drivers/STM32F4xx_HAL_Driver/Src/stm32f4xx_hal_tim.o
 .debug_abbrev  0x00002cf3      0x283 ./Drivers/STM32F4xx_HAL_Driver/Src/stm32f4xx_hal_tim_ex.o

.debug_aranges  0x00000000     0x1390
 .debug_aranges
                0x00000000       0x40 ./Common/ThirdParty/FreeRTOS/list.o
 .debug_aranges
                0x00000040      0x130 ./Common/ThirdParty/FreeRTOS/queue.o
 .debug_aranges
                0x00000170      0x208 ./Common/ThirdParty/FreeRTOS/tasks.o
 .debug_aranges
                0x00000378       0xe8 ./Common/ThirdParty/FreeRTOS/timers.o
 .debug_aranges
                0x00000460       0x88 ./Common/ThirdParty/FreeRTOS/portable/GCC/ARM_CM4F/port.o
 .debug_aranges
                0x000004e8       0x60 ./Common/ThirdParty/FreeRTOS/portable/MemMang/heap_4.o
 .debug_aranges
                0x00000548       0x28 ./Common/ThirdParty/SEGGER/Config/SEGGER_SYSVIEW_Config_FreeRTOS.o
 .debug_aranges
                0x00000570       0x48 ./Common/ThirdParty/SEGGER/OS/SEGGER_SYSVIEW_FreeRTOS.o
 .debug_aranges
                0x000005b8      0x138 ./Common/ThirdParty/SEGGER/SEGGER/SEGGER_RTT.o
 .debug_aranges
                0x000006f0       0x20 ./Common/ThirdParty/SEGGER/SEGGER/SEGGER_RTT_ASM_ARMv7M.o
 .debug_aranges
                0x00000710      0x2e8 ./Common/ThirdParty/SEGGER/SEGGER/SEGGER_SYSVIEW.o
 .debug_aranges
                0x000009f8       0x60 ./Core/Src/main.o
 .debug_aranges
                0x00000a58       0x30 ./Core/Src/stm32f4xx_hal_msp.o
 .debug_aranges
                0x00000a88       0x30 ./Core/Src/stm32f4xx_hal_timebase_tim.o
 .debug_aranges
                0x00000ab8       0x50 ./Core/Src/stm32f4xx_it.o
 .debug_aranges
                0x00000b08       0x28 ./Core/Src/system_stm32f4xx.o
 .debug_aranges
                0x00000b30       0x28 ./Core/Startup/startup_stm32f407vgtx.o
 .debug_aranges
                0x00000b58       0xf0 ./Drivers/STM32F4xx_HAL_Driver/Src/stm32f4xx_hal.o
 .debug_aranges
                0x00000c48      0x130 ./Drivers/STM32F4xx_HAL_Driver/Src/stm32f4xx_hal_cortex.o
 .debug_aranges
                0x00000d78       0x58 ./Drivers/STM32F4xx_HAL_Driver/Src/stm32f4xx_hal_gpio.o
 .debug_aranges
                0x00000dd0       0x88 ./Drivers/STM32F4xx_HAL_Driver/Src/stm32f4xx_hal_rcc.o
 .debug_aranges
                0x00000e58      0x3d0 ./Drivers/STM32F4xx_HAL_Driver/Src/stm32f4xx_hal_tim.o
 .debug_aranges
                0x00001228      0x168 ./Drivers/STM32F4xx_HAL_Driver/Src/stm32f4xx_hal_tim_ex.o

.debug_rnglists
                0x00000000      0xf0c
 .debug_rnglists
                0x00000000       0x2b ./Common/ThirdParty/FreeRTOS/list.o
 .debug_rnglists
                0x0000002b       0xec ./Common/ThirdParty/FreeRTOS/queue.o
 .debug_rnglists
                0x00000117      0x1a1 ./Common/ThirdParty/FreeRTOS/tasks.o
 .debug_rnglists
                0x000002b8       0xad ./Common/ThirdParty/FreeRTOS/timers.o
 .debug_rnglists
                0x00000365       0x64 ./Common/ThirdParty/FreeRTOS/portable/GCC/ARM_CM4F/port.o
 .debug_rnglists
                0x000003c9       0x48 ./Common/ThirdParty/FreeRTOS/portable/MemMang/heap_4.o
 .debug_rnglists
                0x00000411       0x19 ./Common/ThirdParty/SEGGER/Config/SEGGER_SYSVIEW_Config_FreeRTOS.o
 .debug_rnglists
                0x0000042a       0x36 ./Common/ThirdParty/SEGGER/OS/SEGGER_SYSVIEW_FreeRTOS.o
 .debug_rnglists
                0x00000460       0xf5 ./Common/ThirdParty/SEGGER/SEGGER/SEGGER_RTT.o
 .debug_rnglists
                0x00000555      0x254 ./Common/ThirdParty/SEGGER/SEGGER/SEGGER_SYSVIEW.o
 .debug_rnglists
                0x000007a9       0x46 ./Core/Src/main.o
 .debug_rnglists
                0x000007ef       0x20 ./Core/Src/stm32f4xx_hal_msp.o
 .debug_rnglists
                0x0000080f       0x20 ./Core/Src/stm32f4xx_hal_timebase_tim.o
 .debug_rnglists
                0x0000082f       0x37 ./Core/Src/stm32f4xx_it.o
 .debug_rnglists
                0x00000866       0x1a ./Core/Src/system_stm32f4xx.o
 .debug_rnglists
                0x00000880       0x19 ./Core/Startup/startup_stm32f407vgtx.o
 .debug_rnglists
                0x00000899       0xaf ./Drivers/STM32F4xx_HAL_Driver/Src/stm32f4xx_hal.o
 .debug_rnglists
                0x00000948       0xe0 ./Drivers/STM32F4xx_HAL_Driver/Src/stm32f4xx_hal_cortex.o
 .debug_rnglists
                0x00000a28       0x3f ./Drivers/STM32F4xx_HAL_Driver/Src/stm32f4xx_hal_gpio.o
 .debug_rnglists
                0x00000a67       0x66 ./Drivers/STM32F4xx_HAL_Driver/Src/stm32f4xx_hal_rcc.o
 .debug_rnglists
                0x00000acd      0x31a ./Drivers/STM32F4xx_HAL_Driver/Src/stm32f4xx_hal_tim.o
 .debug_rnglists
                0x00000de7      0x125 ./Drivers/STM32F4xx_HAL_Driver/Src/stm32f4xx_hal_tim_ex.o

.debug_macro    0x00000000    0x20f0e
 .debug_macro   0x00000000      0x1f8 ./Common/ThirdParty/FreeRTOS/list.o
 .debug_macro   0x000001f8      0x28f ./Common/ThirdParty/FreeRTOS/queue.o
 .debug_macro   0x00000487       0x16 ./Common/ThirdParty/FreeRTOS/queue.o
 .debug_macro   0x0000049d       0x35 ./Common/ThirdParty/FreeRTOS/queue.o
 .debug_macro   0x000004d2       0x20 ./Common/ThirdParty/FreeRTOS/queue.o
 .debug_macro   0x000004f2       0x80 ./Common/ThirdParty/FreeRTOS/queue.o
 .debug_macro   0x00000572      0x2de ./Common/ThirdParty/FreeRTOS/tasks.o
 .debug_macro   0x00000850       0x17 ./Common/ThirdParty/FreeRTOS/tasks.o
 .debug_macro   0x00000867      0x247 ./Common/ThirdParty/FreeRTOS/timers.o
 .debug_macro   0x00000aae       0x97 ./Common/ThirdParty/FreeRTOS/timers.o
 .debug_macro   0x00000b45      0x207 ./Common/ThirdParty/FreeRTOS/portable/GCC/ARM_CM4F/port.o
 .debug_macro   0x00000d4c      0x279 ./Common/ThirdParty/FreeRTOS/portable/MemMang/heap_4.o
 .debug_macro   0x00000fc5      0x13b ./Common/ThirdParty/SEGGER/Config/SEGGER_SYSVIEW_Config_FreeRTOS.o
 .debug_macro   0x00001100      0x207 ./Common/ThirdParty/SEGGER/OS/SEGGER_SYSVIEW_FreeRTOS.o
 .debug_macro   0x00001307      0x1e9 ./Common/ThirdParty/SEGGER/SEGGER/SEGGER_RTT.o
 .debug_macro   0x000014f0       0x35 ./Common/ThirdParty/SEGGER/SEGGER/SEGGER_RTT.o
 .debug_macro   0x00001525      0x138 ./Common/ThirdParty/SEGGER/SEGGER/SEGGER_RTT.o
 .debug_macro   0x0000165d      0x251 ./Common/ThirdParty/SEGGER/SEGGER/SEGGER_SYSVIEW.o
 .debug_macro   0x000018ae      0x221 ./Common/ThirdParty/SEGGER/SEGGER/SEGGER_SYSVIEW.o
 .debug_macro   0x00001acf       0x3b ./Common/ThirdParty/SEGGER/SEGGER/SEGGER_SYSVIEW.o
 .debug_macro   0x00001b0a      0x2bf ./Core/Src/main.o
 .debug_macro   0x00001dc9      0x29b ./Core/Src/main.o
 .debug_macro   0x00002064       0x2e ./Core/Src/main.o
 .debug_macro   0x00002092       0x2f ./Core/Src/main.o
 .debug_macro   0x000020c1       0x1c ./Core/Src/main.o
 .debug_macro   0x000020dd       0x22 ./Core/Src/main.o
 .debug_macro   0x000020ff       0xfb ./Core/Src/main.o
 .debug_macro   0x000021fa     0x1011 ./Core/Src/main.o
 .debug_macro   0x0000320b      0x11f ./Core/Src/main.o
 .debug_macro   0x0000332a    0x15e97 ./Core/Src/main.o
 .debug_macro   0x000191c1       0x6d ./Core/Src/main.o
 .debug_macro   0x0001922e     0x369a ./Core/Src/main.o
 .debug_macro   0x0001c8c8       0x5c ./Core/Src/main.o
 .debug_macro   0x0001c924      0x980 ./Core/Src/main.o
 .debug_macro   0x0001d2a4      0x9e9 ./Core/Src/main.o
 .debug_macro   0x0001dc8d      0x115 ./Core/Src/main.o
 .debug_macro   0x0001dda2      0x13e ./Core/Src/main.o
 .debug_macro   0x0001dee0       0xa5 ./Core/Src/main.o
 .debug_macro   0x0001df85      0x174 ./Core/Src/main.o
 .debug_macro   0x0001e0f9      0x287 ./Core/Src/main.o
 .debug_macro   0x0001e380       0x5f ./Core/Src/main.o
 .debug_macro   0x0001e3df      0x236 ./Core/Src/main.o
 .debug_macro   0x0001e615      0x12c ./Core/Src/main.o
 .debug_macro   0x0001e741      0x21e ./Core/Src/main.o
 .debug_macro   0x0001e95f       0x2e ./Core/Src/main.o
 .debug_macro   0x0001e98d      0x1a7 ./Core/Src/main.o
 .debug_macro   0x0001eb34       0x46 ./Core/Src/main.o
 .debug_macro   0x0001eb7a       0x4a ./Core/Src/main.o
 .debug_macro   0x0001ebc4      0x127 ./Core/Src/main.o
 .debug_macro   0x0001eceb       0x7e ./Core/Src/main.o
 .debug_macro   0x0001ed69       0x89 ./Core/Src/main.o
 .debug_macro   0x0001edf2      0x8ed ./Core/Src/main.o
 .debug_macro   0x0001f6df       0x4d ./Core/Src/main.o
 .debug_macro   0x0001f72c      0x12d ./Core/Src/main.o
 .debug_macro   0x0001f859      0x1a5 ./Core/Src/main.o
 .debug_macro   0x0001f9fe      0x106 ./Core/Src/main.o
 .debug_macro   0x0001fb04      0x2a1 ./Core/Src/stm32f4xx_hal_msp.o
 .debug_macro   0x0001fda5      0x1dd ./Core/Src/stm32f4xx_hal_timebase_tim.o
 .debug_macro   0x0001ff82      0x1f6 ./Core/Src/stm32f4xx_it.o
 .debug_macro   0x00020178      0x1dd ./Core/Src/system_stm32f4xx.o
 .debug_macro   0x00020355      0x23d ./Drivers/STM32F4xx_HAL_Driver/Src/stm32f4xx_hal.o
 .debug_macro   0x00020592      0x1dd ./Drivers/STM32F4xx_HAL_Driver/Src/stm32f4xx_hal_cortex.o
 .debug_macro   0x0002076f      0x1e3 ./Drivers/STM32F4xx_HAL_Driver/Src/stm32f4xx_hal_gpio.o
 .debug_macro   0x00020952      0x201 ./Drivers/STM32F4xx_HAL_Driver/Src/stm32f4xx_hal_rcc.o
 .debug_macro   0x00020b53      0x1de ./Drivers/STM32F4xx_HAL_Driver/Src/stm32f4xx_hal_tim.o
 .debug_macro   0x00020d31      0x1dd ./Drivers/STM32F4xx_HAL_Driver/Src/stm32f4xx_hal_tim_ex.o

.debug_line     0x00000000    0x16162
 .debug_line    0x00000000      0x973 ./Common/ThirdParty/FreeRTOS/list.o
 .debug_line    0x00000973     0x18b1 ./Common/ThirdParty/FreeRTOS/queue.o
 .debug_line    0x00002224     0x2096 ./Common/ThirdParty/FreeRTOS/tasks.o
 .debug_line    0x000042ba      0xeba ./Common/ThirdParty/FreeRTOS/timers.o
 .debug_line    0x00005174      0xaee ./Common/ThirdParty/FreeRTOS/portable/GCC/ARM_CM4F/port.o
 .debug_line    0x00005c62      0xbf4 ./Common/ThirdParty/FreeRTOS/portable/MemMang/heap_4.o
 .debug_line    0x00006856      0x748 ./Common/ThirdParty/SEGGER/Config/SEGGER_SYSVIEW_Config_FreeRTOS.o
 .debug_line    0x00006f9e      0xa46 ./Common/ThirdParty/SEGGER/OS/SEGGER_SYSVIEW_FreeRTOS.o
 .debug_line    0x000079e4      0xf83 ./Common/ThirdParty/SEGGER/SEGGER/SEGGER_RTT.o
 .debug_line    0x00008967       0x86 ./Common/ThirdParty/SEGGER/SEGGER/SEGGER_RTT_ASM_ARMv7M.o
 .debug_line    0x000089ed     0x23f1 ./Common/ThirdParty/SEGGER/SEGGER/SEGGER_SYSVIEW.o
 .debug_line    0x0000adde      0xce6 ./Core/Src/main.o
 .debug_line    0x0000bac4      0xab0 ./Core/Src/stm32f4xx_hal_msp.o
 .debug_line    0x0000c574      0x7e3 ./Core/Src/stm32f4xx_hal_timebase_tim.o
 .debug_line    0x0000cd57      0x804 ./Core/Src/stm32f4xx_it.o
 .debug_line    0x0000d55b      0x7ec ./Core/Src/system_stm32f4xx.o
 .debug_line    0x0000dd47       0x7a ./Core/Startup/startup_stm32f407vgtx.o
 .debug_line    0x0000ddc1      0xa55 ./Drivers/STM32F4xx_HAL_Driver/Src/stm32f4xx_hal.o
 .debug_line    0x0000e816      0xd47 ./Drivers/STM32F4xx_HAL_Driver/Src/stm32f4xx_hal_cortex.o
 .debug_line    0x0000f55d      0xbe1 ./Drivers/STM32F4xx_HAL_Driver/Src/stm32f4xx_hal_gpio.o
 .debug_line    0x0001013e      0xde0 ./Drivers/STM32F4xx_HAL_Driver/Src/stm32f4xx_hal_rcc.o
 .debug_line    0x00010f1e     0x37f9 ./Drivers/STM32F4xx_HAL_Driver/Src/stm32f4xx_hal_tim.o
 .debug_line    0x00014717     0x1a4b ./Drivers/STM32F4xx_HAL_Driver/Src/stm32f4xx_hal_tim_ex.o

.debug_str      0x00000000    0xd97b2
 .debug_str     0x00000000     0xeec6 ./Common/ThirdParty/FreeRTOS/list.o
                               0xf119 (size before relaxing)
 .debug_str     0x0000eec6     0x276c ./Common/ThirdParty/FreeRTOS/queue.o
                              0x1189a (size before relaxing)
 .debug_str     0x00011632     0x1c1c ./Common/ThirdParty/FreeRTOS/tasks.o
                              0x123b7 (size before relaxing)
 .debug_str     0x0001324e      0x54b ./Common/ThirdParty/FreeRTOS/timers.o
                              0x11998 (size before relaxing)
 .debug_str     0x00013799      0x864 ./Common/ThirdParty/FreeRTOS/portable/GCC/ARM_CM4F/port.o
                               0xd9d7 (size before relaxing)
 .debug_str     0x00013ffd      0x5de ./Common/ThirdParty/FreeRTOS/portable/MemMang/heap_4.o
                              0x10943 (size before relaxing)
 .debug_str     0x000145db      0x1df ./Common/ThirdParty/SEGGER/Config/SEGGER_SYSVIEW_Config_FreeRTOS.o
                               0xb493 (size before relaxing)
 .debug_str     0x000147ba      0x108 ./Common/ThirdParty/SEGGER/OS/SEGGER_SYSVIEW_FreeRTOS.o
                              0x10379 (size before relaxing)
 .debug_str     0x000148c2     0x1085 ./Common/ThirdParty/SEGGER/SEGGER/SEGGER_RTT.o
                               0x878d (size before relaxing)
 .debug_str     0x00015947       0x49 ./Common/ThirdParty/SEGGER/SEGGER/SEGGER_RTT_ASM_ARMv7M.o
                                 0x96 (size before relaxing)
 .debug_str     0x00015990      0xf2e ./Common/ThirdParty/SEGGER/SEGGER/SEGGER_SYSVIEW.o
                               0xaa06 (size before relaxing)
 .debug_str     0x000168be    0xc04ca ./Core/Src/main.o
                              0xcd7c9 (size before relaxing)
 .debug_str     0x000d6d88      0x2a4 ./Core/Src/stm32f4xx_hal_msp.o
                              0xcb601 (size before relaxing)
 .debug_str     0x000d702c      0x60a ./Core/Src/stm32f4xx_hal_timebase_tim.o
                              0xc42e1 (size before relaxing)
 .debug_str     0x000d7636       0xb9 ./Core/Src/stm32f4xx_it.o
                              0xc4291 (size before relaxing)
 .debug_str     0x000d76ef       0xcb ./Core/Src/system_stm32f4xx.o
                              0xc37ea (size before relaxing)
 .debug_str     0x000d77ba       0x36 ./Core/Startup/startup_stm32f407vgtx.o
                                 0x91 (size before relaxing)
 .debug_str     0x000d77f0      0x5d3 ./Drivers/STM32F4xx_HAL_Driver/Src/stm32f4xx_hal.o
                              0xc436e (size before relaxing)
 .debug_str     0x000d7dc3      0x37f ./Drivers/STM32F4xx_HAL_Driver/Src/stm32f4xx_hal_cortex.o
                              0xc40ea (size before relaxing)
 .debug_str     0x000d8142       0xfd ./Drivers/STM32F4xx_HAL_Driver/Src/stm32f4xx_hal_gpio.o
                              0xc3965 (size before relaxing)
 .debug_str     0x000d823f      0x1fd ./Drivers/STM32F4xx_HAL_Driver/Src/stm32f4xx_hal_rcc.o
                              0xc3c1e (size before relaxing)
 .debug_str     0x000d843c      0xe73 ./Drivers/STM32F4xx_HAL_Driver/Src/stm32f4xx_hal_tim.o
                              0xc4b74 (size before relaxing)
 .debug_str     0x000d92af      0x503 ./Drivers/STM32F4xx_HAL_Driver/Src/stm32f4xx_hal_tim_ex.o
                              0xc4380 (size before relaxing)

.comment        0x00000000       0x43
 .comment       0x00000000       0x43 ./Common/ThirdParty/FreeRTOS/list.o
                                 0x44 (size before relaxing)
 .comment       0x00000043       0x44 ./Common/ThirdParty/FreeRTOS/queue.o
 .comment       0x00000043       0x44 ./Common/ThirdParty/FreeRTOS/tasks.o
 .comment       0x00000043       0x44 ./Common/ThirdParty/FreeRTOS/timers.o
 .comment       0x00000043       0x44 ./Common/ThirdParty/FreeRTOS/portable/GCC/ARM_CM4F/port.o
 .comment       0x00000043       0x44 ./Common/ThirdParty/FreeRTOS/portable/MemMang/heap_4.o
 .comment       0x00000043       0x44 ./Common/ThirdParty/SEGGER/Config/SEGGER_SYSVIEW_Config_FreeRTOS.o
 .comment       0x00000043       0x44 ./Common/ThirdParty/SEGGER/OS/SEGGER_SYSVIEW_FreeRTOS.o
 .comment       0x00000043       0x44 ./Common/ThirdParty/SEGGER/SEGGER/SEGGER_RTT.o
 .comment       0x00000043       0x44 ./Common/ThirdParty/SEGGER/SEGGER/SEGGER_SYSVIEW.o
 .comment       0x00000043       0x44 ./Core/Src/main.o
 .comment       0x00000043       0x44 ./Core/Src/stm32f4xx_hal_msp.o
 .comment       0x00000043       0x44 ./Core/Src/stm32f4xx_hal_timebase_tim.o
 .comment       0x00000043       0x44 ./Core/Src/stm32f4xx_it.o
 .comment       0x00000043       0x44 ./Core/Src/system_stm32f4xx.o
 .comment       0x00000043       0x44 ./Drivers/STM32F4xx_HAL_Driver/Src/stm32f4xx_hal.o
 .comment       0x00000043       0x44 ./Drivers/STM32F4xx_HAL_Driver/Src/stm32f4xx_hal_cortex.o
 .comment       0x00000043       0x44 ./Drivers/STM32F4xx_HAL_Driver/Src/stm32f4xx_hal_gpio.o
 .comment       0x00000043       0x44 ./Drivers/STM32F4xx_HAL_Driver/Src/stm32f4xx_hal_rcc.o
 .comment       0x00000043       0x44 ./Drivers/STM32F4xx_HAL_Driver/Src/stm32f4xx_hal_tim.o
 .comment       0x00000043       0x44 ./Drivers/STM32F4xx_HAL_Driver/Src/stm32f4xx_hal_tim_ex.o

.debug_frame    0x00000000     0x5218
 .debug_frame   0x00000000       0xd8 ./Common/ThirdParty/FreeRTOS/list.o
 .debug_frame   0x000000d8      0x544 ./Common/ThirdParty/FreeRTOS/queue.o
 .debug_frame   0x0000061c      0x908 ./Common/ThirdParty/FreeRTOS/tasks.o
 .debug_frame   0x00000f24      0x3c8 ./Common/ThirdParty/FreeRTOS/timers.o
 .debug_frame   0x000012ec      0x1d0 ./Common/ThirdParty/FreeRTOS/portable/GCC/ARM_CM4F/port.o
 .debug_frame   0x000014bc      0x150 ./Common/ThirdParty/FreeRTOS/portable/MemMang/heap_4.o
 .debug_frame   0x0000160c       0x48 ./Common/ThirdParty/SEGGER/Config/SEGGER_SYSVIEW_Config_FreeRTOS.o
 .debug_frame   0x00001654      0x104 ./Common/ThirdParty/SEGGER/OS/SEGGER_SYSVIEW_FreeRTOS.o
 .debug_frame   0x00001758      0x52c ./Common/ThirdParty/SEGGER/SEGGER/SEGGER_RTT.o
 .debug_frame   0x00001c84      0xd98 ./Common/ThirdParty/SEGGER/SEGGER/SEGGER_SYSVIEW.o
 .debug_frame   0x00002a1c      0x140 ./Core/Src/main.o
 .debug_frame   0x00002b5c       0x7c ./Core/Src/stm32f4xx_hal_msp.o
 .debug_frame   0x00002bd8       0x74 ./Core/Src/stm32f4xx_hal_timebase_tim.o
 .debug_frame   0x00002c4c       0xc4 ./Core/Src/stm32f4xx_it.o
 .debug_frame   0x00002d10       0x58 ./Core/Src/system_stm32f4xx.o
 .debug_frame   0x00002d68      0x374 ./Drivers/STM32F4xx_HAL_Driver/Src/stm32f4xx_hal.o
 .debug_frame   0x000030dc      0x508 ./Drivers/STM32F4xx_HAL_Driver/Src/stm32f4xx_hal_cortex.o
 .debug_frame   0x000035e4      0x14c ./Drivers/STM32F4xx_HAL_Driver/Src/stm32f4xx_hal_gpio.o
 .debug_frame   0x00003730      0x1f4 ./Drivers/STM32F4xx_HAL_Driver/Src/stm32f4xx_hal_rcc.o
 .debug_frame   0x00003924     0x11c0 ./Drivers/STM32F4xx_HAL_Driver/Src/stm32f4xx_hal_tim.o
 .debug_frame   0x00004ae4      0x638 ./Drivers/STM32F4xx_HAL_Driver/Src/stm32f4xx_hal_tim_ex.o
 .debug_frame   0x0000511c       0x28 C:/ST/STM32CubeIDE_1.15.0/STM32CubeIDE/plugins/com.st.stm32cube.ide.mcu.externaltools.gnu-tools-for-stm32.12.3.rel1.win32_1.0.200.202406191623/tools/bin/../lib/gcc/arm-none-eabi/12.3.1/../../../../arm-none-eabi/lib/thumb/v7e-m+fp/hard\libc_nano.a(libc_a-memcmp.o)
 .debug_frame   0x00005144       0x20 C:/ST/STM32CubeIDE_1.15.0/STM32CubeIDE/plugins/com.st.stm32cube.ide.mcu.externaltools.gnu-tools-for-stm32.12.3.rel1.win32_1.0.200.202406191623/tools/bin/../lib/gcc/arm-none-eabi/12.3.1/../../../../arm-none-eabi/lib/thumb/v7e-m+fp/hard\libc_nano.a(libc_a-memset.o)
 .debug_frame   0x00005164       0x2c C:/ST/STM32CubeIDE_1.15.0/STM32CubeIDE/plugins/com.st.stm32cube.ide.mcu.externaltools.gnu-tools-for-stm32.12.3.rel1.win32_1.0.200.202406191623/tools/bin/../lib/gcc/arm-none-eabi/12.3.1/../../../../arm-none-eabi/lib/thumb/v7e-m+fp/hard\libc_nano.a(libc_a-init.o)
 .debug_frame   0x00005190       0x28 C:/ST/STM32CubeIDE_1.15.0/STM32CubeIDE/plugins/com.st.stm32cube.ide.mcu.externaltools.gnu-tools-for-stm32.12.3.rel1.win32_1.0.200.202406191623/tools/bin/../lib/gcc/arm-none-eabi/12.3.1/../../../../arm-none-eabi/lib/thumb/v7e-m+fp/hard\libc_nano.a(libc_a-memcpy-stub.o)
 .debug_frame   0x000051b8       0x2c C:/ST/STM32CubeIDE_1.15.0/STM32CubeIDE/plugins/com.st.stm32cube.ide.mcu.externaltools.gnu-tools-for-stm32.12.3.rel1.win32_1.0.200.202406191623/tools/bin/../lib/gcc/arm-none-eabi/12.3.1/thumb/v7e-m+fp/hard\libgcc.a(_aeabi_uldivmod.o)
 .debug_frame   0x000051e4       0x34 C:/ST/STM32CubeIDE_1.15.0/STM32CubeIDE/plugins/com.st.stm32cube.ide.mcu.externaltools.gnu-tools-for-stm32.12.3.rel1.win32_1.0.200.202406191623/tools/bin/../lib/gcc/arm-none-eabi/12.3.1/thumb/v7e-m+fp/hard\libgcc.a(_udivmoddi4.o)

.debug_line_str
                0x00000000       0xb0
 .debug_line_str
                0x00000000       0x88 ./Common/ThirdParty/SEGGER/SEGGER/SEGGER_RTT_ASM_ARMv7M.o
 .debug_line_str
                0x00000088       0x28 ./Core/Startup/startup_stm32f407vgtx.o
                                 0x75 (size before relaxing)
